Component: ARM Compiler 5.06 update 7 (build 960) Tool: armlink [4d3601]

==============================================================================

Section Cross References

    startup_gd32f407_427.o(RESET) refers to startup_gd32f407_427.o(STACK) for __initial_sp
    startup_gd32f407_427.o(RESET) refers to startup_gd32f407_427.o(.text) for Reset_Handler
    startup_gd32f407_427.o(RESET) refers to gd32f4xx_it.o(i.NMI_Handler) for NMI_Handler
    startup_gd32f407_427.o(RESET) refers to gd32f4xx_it.o(i.HardFault_Handler) for HardFault_Handler
    startup_gd32f407_427.o(RESET) refers to gd32f4xx_it.o(i.MemManage_Handler) for MemManage_Handler
    startup_gd32f407_427.o(RESET) refers to gd32f4xx_it.o(i.BusFault_Handler) for BusFault_Handler
    startup_gd32f407_427.o(RESET) refers to gd32f4xx_it.o(i.UsageFault_Handler) for UsageFault_Handler
    startup_gd32f407_427.o(RESET) refers to gd32f4xx_it.o(i.SVC_Handler) for SVC_Handler
    startup_gd32f407_427.o(RESET) refers to gd32f4xx_it.o(i.DebugMon_Handler) for DebugMon_Handler
    startup_gd32f407_427.o(RESET) refers to gd32f4xx_it.o(i.PendSV_Handler) for PendSV_Handler
    startup_gd32f407_427.o(RESET) refers to gd32f4xx_it.o(i.SysTick_Handler) for SysTick_Handler
    startup_gd32f407_427.o(RESET) refers to bsp_can.o(i.CAN0_RX0_IRQHandler) for CAN0_RX0_IRQHandler
    startup_gd32f407_427.o(RESET) refers to bsp_time.o(i.TIMER0_UP_TIMER9_IRQHandler) for TIMER0_UP_TIMER9_IRQHandler
    startup_gd32f407_427.o(RESET) refers to bsp_time.o(i.TIMER0_TRG_CMT_TIMER10_IRQHandler) for TIMER0_TRG_CMT_TIMER10_IRQHandler
    startup_gd32f407_427.o(RESET) refers to bsp_time.o(i.TIMER1_IRQHandler) for TIMER1_IRQHandler
    startup_gd32f407_427.o(RESET) refers to bsp_time.o(i.TIMER2_IRQHandler) for TIMER2_IRQHandler
    startup_gd32f407_427.o(RESET) refers to bsp_time.o(i.TIMER7_BRK_TIMER11_IRQHandler) for TIMER7_BRK_TIMER11_IRQHandler
    startup_gd32f407_427.o(RESET) refers to bsp_time.o(i.TIMER7_UP_TIMER12_IRQHandler) for TIMER7_UP_TIMER12_IRQHandler
    startup_gd32f407_427.o(RESET) refers to bsp_time.o(i.TIMER4_IRQHandler) for TIMER4_IRQHandler
    startup_gd32f407_427.o(RESET) refers to bsp_time.o(i.TIMER5_DAC_IRQHandler) for TIMER5_DAC_IRQHandler
    startup_gd32f407_427.o(RESET) refers to bsp_time.o(i.TIMER6_IRQHandler) for TIMER6_IRQHandler
    startup_gd32f407_427.o(.text) refers to system_gd32f4xx.o(i.SystemInit) for SystemInit
    startup_gd32f407_427.o(.text) refers to entry.o(.ARM.Collect$$$$00000000) for __main
    system_gd32f4xx.o(i.SystemCoreClockUpdate) refers to system_gd32f4xx.o(.data) for SystemCoreClock
    system_gd32f4xx.o(i.SystemInit) refers to system_gd32f4xx.o(i.system_clock_config) for system_clock_config
    system_gd32f4xx.o(i.system_clock_config) refers to system_gd32f4xx.o(i.system_clock_168m_8m_hxtal) for system_clock_168m_8m_hxtal
    gd32f4xx_it.o(i.SysTick_Handler) refers to systick.o(i.delay_decrement) for delay_decrement
    gd32f4xx_it.o(i.SysTick_Handler) refers to app_gpiosensor.o(.data) for LedTimeCount
    systick.o(i.delay_1ms) refers to systick.o(.data) for delay
    systick.o(i.delay_decrement) refers to systick.o(.data) for delay
    systick.o(i.systick_config) refers to systick.o(i.NVIC_SetPriority) for NVIC_SetPriority
    systick.o(i.systick_config) refers to system_gd32f4xx.o(.data) for SystemCoreClock
    bsp_gpio.o(i.bsp_Dipswitch_init) refers to gd32f4xx_rcu.o(i.rcu_periph_clock_enable) for rcu_periph_clock_enable
    bsp_gpio.o(i.bsp_Dipswitch_init) refers to gd32f4xx_gpio.o(i.gpio_mode_set) for gpio_mode_set
    bsp_gpio.o(i.bsp_Out24V_init) refers to gd32f4xx_rcu.o(i.rcu_periph_clock_enable) for rcu_periph_clock_enable
    bsp_gpio.o(i.bsp_Out24V_init) refers to gd32f4xx_gpio.o(i.gpio_mode_set) for gpio_mode_set
    bsp_gpio.o(i.bsp_Out24V_init) refers to gd32f4xx_gpio.o(i.gpio_output_options_set) for gpio_output_options_set
    bsp_gpio.o(i.bsp_Sensor_iniit) refers to gd32f4xx_rcu.o(i.rcu_periph_clock_enable) for rcu_periph_clock_enable
    bsp_gpio.o(i.bsp_Sensor_iniit) refers to gd32f4xx_gpio.o(i.gpio_mode_set) for gpio_mode_set
    bsp_gpio.o(i.bsp_StepperMotorEN_DiR_FUAL_NRST_init) refers to gd32f4xx_rcu.o(i.rcu_periph_clock_enable) for rcu_periph_clock_enable
    bsp_gpio.o(i.bsp_StepperMotorEN_DiR_FUAL_NRST_init) refers to gd32f4xx_gpio.o(i.gpio_mode_set) for gpio_mode_set
    bsp_gpio.o(i.bsp_StepperMotorEN_DiR_FUAL_NRST_init) refers to gd32f4xx_gpio.o(i.gpio_output_options_set) for gpio_output_options_set
    bsp_gpio.o(i.bsp_StepperMotorEN_DiR_FUAL_NRST_init) refers to gd32f4xx_gpio.o(i.gpio_bit_set) for gpio_bit_set
    bsp_gpio.o(i.bsp_StepperMotorMicrostep_init) refers to gd32f4xx_rcu.o(i.rcu_periph_clock_enable) for rcu_periph_clock_enable
    bsp_gpio.o(i.bsp_StepperMotorMicrostep_init) refers to gd32f4xx_gpio.o(i.gpio_mode_set) for gpio_mode_set
    bsp_gpio.o(i.bsp_StepperMotorMicrostep_init) refers to gd32f4xx_gpio.o(i.gpio_output_options_set) for gpio_output_options_set
[...]
    ../clib/microlib/printf/printf.c         0x00000000   Number         0  printf6.o ABSOLUTE
    ../clib/microlib/printf/printf.c         0x00000000   Number         0  printfb.o ABSOLUTE
    ../clib/microlib/printf/printf.c         0x00000000   Number         0  printf5.o ABSOLUTE
    ../clib/microlib/printf/printf.c         0x00000000   Number         0  printf4.o ABSOLUTE
    ../clib/microlib/printf/printf.c         0x00000000   Number         0  printf3.o ABSOLUTE
    ../clib/microlib/printf/printf.c         0x00000000   Number         0  printf2.o ABSOLUTE
    ../clib/microlib/printf/printf.c         0x00000000   Number         0  printf0.o ABSOLUTE
    ../clib/microlib/printf/printf.c         0x00000000   Number         0  printf7.o ABSOLUTE
    ../clib/microlib/printf/printf.c         0x00000000   Number         0  printf8.o ABSOLUTE
    ../clib/microlib/printf/printf.c         0x00000000   Number         0  printfa.o ABSOLUTE
    ../clib/microlib/printf/printf.c         0x00000000   Number         0  printf1.o ABSOLUTE
    ../clib/microlib/printf/stubs.s          0x00000000   Number         0  stubs.o ABSOLUTE
    ../clib/microlib/stdio/streams.c         0x00000000   Number         0  stdout.o ABSOLUTE
    ../clib/microlib/string/memcpy.c         0x00000000   Number         0  memcpya.o ABSOLUTE
    ../clib/microlib/string/memcpy.c         0x00000000   Number         0  memcpyb.o ABSOLUTE
    ../clib/microlib/stubs.s                 0x00000000   Number         0  iusefp.o ABSOLUTE
    ../fplib/microlib/fpadd.c                0x00000000   Number         0  dadd.o ABSOLUTE
    ../fplib/microlib/fpdiv.c                0x00000000   Number         0  ddiv.o ABSOLUTE
    ../fplib/microlib/fpepilogue.c           0x00000000   Number         0  depilogue.o ABSOLUTE
    ../fplib/microlib/fpfix.c                0x00000000   Number         0  dfixui.o ABSOLUTE
    ../fplib/microlib/fpfix.c                0x00000000   Number         0  dfixul.o ABSOLUTE
    ../fplib/microlib/fpflt.c                0x00000000   Number         0  dflti.o ABSOLUTE
    ../fplib/microlib/fpmul.c                0x00000000   Number         0  dmul.o ABSOLUTE
    ..\CMSIS\GD\GD32F4xx\Source\ARM\startup_gd32f407_427.s 0x00000000   Number         0  startup_gd32f407_427.o ABSOLUTE
    ..\CMSIS\GD\GD32F4xx\Source\system_gd32f4xx.c 0x00000000   Number         0  system_gd32f4xx.o ABSOLUTE
    ..\GD32F4xx_standard_peripheral\Source\gd32f4xx_adc.c 0x00000000   Number         0  gd32f4xx_adc.o ABSOLUTE
    ..\GD32F4xx_standard_peripheral\Source\gd32f4xx_can.c 0x00000000   Number         0  gd32f4xx_can.o ABSOLUTE
    ..\GD32F4xx_standard_peripheral\Source\gd32f4xx_dbg.c 0x00000000   Number         0  gd32f4xx_dbg.o ABSOLUTE
    ..\GD32F4xx_standard_peripheral\Source\gd32f4xx_dma.c 0x00000000   Number         0  gd32f4xx_dma.o ABSOLUTE
    ..\GD32F4xx_standard_peripheral\Source\gd32f4xx_gpio.c 0x00000000   Number         0  gd32f4xx_gpio.o ABSOLUTE
    ..\GD32F4xx_standard_peripheral\Source\gd32f4xx_misc.c 0x00000000   Number         0  gd32f4xx_misc.o ABSOLUTE
    ..\GD32F4xx_standard_peripheral\Source\gd32f4xx_rcu.c 0x00000000   Number         0  gd32f4xx_rcu.o ABSOLUTE
    ..\GD32F4xx_standard_peripheral\Source\gd32f4xx_spi.c 0x00000000   Number         0  gd32f4xx_spi.o ABSOLUTE
    ..\GD32F4xx_standard_peripheral\Source\gd32f4xx_timer.c 0x00000000   Number         0  gd32f4xx_timer.o ABSOLUTE
    ..\GD32F4xx_standard_peripheral\Source\gd32f4xx_usart.c 0x00000000   Number         0  gd32f4xx_usart.o ABSOLUTE
    ..\GD32F4xx_standard_peripheral\gd32f4xx_it.c 0x00000000   Number         0  gd32f4xx_it.o ABSOLUTE
    ..\GD32F4xx_standard_peripheral\systick.c 0x00000000   Number         0  systick.o ABSOLUTE
    ..\Use\app.Drv8424.c                     0x00000000   Number         0  app.drv8424.o ABSOLUTE
    ..\Use\app_AdcPower.c                    0x00000000   Number         0  app_adcpower.o ABSOLUTE
    ..\Use\app_CanDatQueue.c                 0x00000000   Number         0  app_candatqueue.o ABSOLUTE
    ..\Use\app_CanMessage.c                  0x00000000   Number         0  app_canmessage.o ABSOLUTE
    ..\Use\app_GpioSensor.c                  0x00000000   Number         0  app_gpiosensor.o ABSOLUTE
    ..\Use\app_MotorConfig.c                 0x00000000   Number         0  app_motorconfig.o ABSOLUTE
    ..\Use\app_MotorStep.c                   0x00000000   Number         0  app_motorstep.o ABSOLUTE
    ..\Use\app_drv8462.c                     0x00000000   Number         0  app_drv8462.o ABSOLUTE
    ..\Use\app_mps6602.c                     0x00000000   Number         0  app_mps6602.o ABSOLUTE
    ..\Use\bsp_adc.c                         0x00000000   Number         0  bsp_adc.o ABSOLUTE
    ..\Use\bsp_can.c                         0x00000000   Number         0  bsp_can.o ABSOLUTE
    ..\Use\bsp_gpio.c                        0x00000000   Number         0  bsp_gpio.o ABSOLUTE
    ..\Use\bsp_spi.c                         0x00000000   Number         0  bsp_spi.o ABSOLUTE
    ..\Use\bsp_time.c                        0x00000000   Number         0  bsp_time.o ABSOLUTE
    ..\Use\bsp_uart.c                        0x00000000   Number         0  bsp_uart.o ABSOLUTE
    ..\Use\main.c                            0x00000000   Number         0  main.o ABSOLUTE
    ..\\CMSIS\\GD\\GD32F4xx\\Source\\system_gd32f4xx.c 0x00000000   Number         0  system_gd32f4xx.o ABSOLUTE
    ..\\GD32F4xx_standard_peripheral\\Source\\gd32f4xx_adc.c 0x00000000   Number         0  gd32f4xx_adc.o ABSOLUTE
    ..\\GD32F4xx_standard_peripheral\\Source\\gd32f4xx_can.c 0x00000000   Number         0  gd32f4xx_can.o ABSOLUTE
    ..\\GD32F4xx_standard_peripheral\\Source\\gd32f4xx_dbg.c 0x00000000   Number         0  gd32f4xx_dbg.o ABSOLUTE
    ..\\GD32F4xx_standard_peripheral\\Source\\gd32f4xx_dma.c 0x00000000   Number         0  gd32f4xx_dma.o ABSOLUTE
    ..\\GD32F4xx_standard_peripheral\\Source\\gd32f4xx_gpio.c 0x00000000   Number         0  gd32f4xx_gpio.o ABSOLUTE
    ..\\GD32F4xx_standard_peripheral\\Source\\gd32f4xx_misc.c 0x00000000   Number         0  gd32f4xx_misc.o ABSOLUTE
    ..\\GD32F4xx_standard_peripheral\\Source\\gd32f4xx_rcu.c 0x00000000   Number         0  gd32f4xx_rcu.o ABSOLUTE
    ..\\GD32F4xx_standard_peripheral\\Source\\gd32f4xx_spi.c 0x00000000   Number         0  gd32f4xx_spi.o ABSOLUTE
    ..\\GD32F4xx_standard_peripheral\\Source\\gd32f4xx_timer.c 0x00000000   Number         0  gd32f4xx_timer.o ABSOLUTE
    ..\\GD32F4xx_standard_peripheral\\Source\\gd32f4xx_usart.c 0x00000000   Number         0  gd32f4xx_usart.o ABSOLUTE
    ..\\GD32F4xx_standard_peripheral\\systick.c 0x00000000   Number         0  systick.o ABSOLUTE
    ..\\Use\\app.Drv8424.c                   0x00000000   Number         0  app.drv8424.o ABSOLUTE
    ..\\Use\\app_AdcPower.c                  0x00000000   Number         0  app_adcpower.o ABSOLUTE
    ..\\Use\\app_CanDatQueue.c               0x00000000   Number         0  app_candatqueue.o ABSOLUTE
    ..\\Use\\app_CanMessage.c                0x00000000   Number         0  app_canmessage.o ABSOLUTE
    ..\\Use\\app_GpioSensor.c                0x00000000   Number         0  app_gpiosensor.o ABSOLUTE
    ..\\Use\\app_MotorConfig.c               0x00000000   Number         0  app_motorconfig.o ABSOLUTE
    ..\\Use\\app_MotorStep.c                 0x00000000   Number         0  app_motorstep.o ABSOLUTE
    ..\\Use\\app_drv8462.c                   0x00000000   Number         0  app_drv8462.o ABSOLUTE
    ..\\Use\\app_mps6602.c                   0x00000000   Number         0  app_mps6602.o ABSOLUTE
    ..\\Use\\bsp_adc.c                       0x00000000   Number         0  bsp_adc.o ABSOLUTE
    ..\\Use\\bsp_can.c                       0x00000000   Number         0  bsp_can.o ABSOLUTE
    ..\\Use\\bsp_gpio.c                      0x00000000   Number         0  bsp_gpio.o ABSOLUTE
    ..\\Use\\bsp_spi.c                       0x00000000   Number         0  bsp_spi.o ABSOLUTE
    ..\\Use\\bsp_time.c                      0x00000000   Number         0  bsp_time.o ABSOLUTE
    ..\\Use\\bsp_uart.c                      0x00000000   Number         0  bsp_uart.o ABSOLUTE
    ..\\Use\\main.c                          0x00000000   Number         0  main.o ABSOLUTE
    cdrcmple.s                               0x00000000   Number         0  cdrcmple.o ABSOLUTE
    dc.s                                     0x00000000   Number         0  dc.o ABSOLUTE
    handlers.s                               0x00000000   Number         0  handlers.o ABSOLUTE
    init.s                                   0x00000000   Number         0  init.o ABSOLUTE
    RESET                                    0x08000000   Section      392  startup_gd32f407_427.o(RESET)
    .ARM.Collect$$$$00000000                 0x08000188   Section        0  entry.o(.ARM.Collect$$$$00000000)
    .ARM.Collect$$$$00000001                 0x08000188   Section        4  entry2.o(.ARM.Collect$$$$00000001)
    .ARM.Collect$$$$00000004                 0x0800018c   Section        4  entry5.o(.ARM.Collect$$$$00000004)
    .ARM.Collect$$$$00000008                 0x08000190   Section        0  entry7b.o(.ARM.Collect$$$$00000008)
    .ARM.Collect$$$$0000000A                 0x08000190   Section        0  entry8b.o(.ARM.Collect$$$$0000000A)
    .ARM.Collect$$$$0000000B                 0x08000190   Section        8  entry9a.o(.ARM.Collect$$$$0000000B)
    .ARM.Collect$$$$0000000E                 0x08000198   Section        4  entry12b.o(.ARM.Collect$$$$0000000E)
    .ARM.Collect$$$$0000000F                 0x0800019c   Section        0  entry10a.o(.ARM.Collect$$$$0000000F)
    .ARM.Collect$$$$00000011                 0x0800019c   Section        0  entry11a.o(.ARM.Collect$$$$00000011)
    .ARM.Collect$$$$00002712                 0x0800019c   Section        4  entry2.o(.ARM.Collect$$$$00002712)
    __lit__00000000                          0x0800019c   Data           4  entry2.o(.ARM.Collect$$$$00002712)
    .text                                    0x080001a0   Section       36  startup_gd32f407_427.o(.text)
    $v0                                      0x080001a0   Number         0  startup_gd32f407_427.o(.text)
    .text                                    0x080001c4   Section        0  memcpya.o(.text)
    .text                                    0x080001e8   Section        0  ddiv.o(.text)
    .text                                    0x080002c6   Section        0  dflti.o(.text)
    .text                                    0x080002e8   Section        0  dfixui.o(.text)
    .text                                    0x0800031a   Section        0  uidiv.o(.text)
    .text                                    0x08000346   Section        0  llushr.o(.text)
    .text                                    0x08000366   Section        0  iusefp.o(.text)
    .text                                    0x08000366   Section        0  depilogue.o(.text)
    .text                                    0x08000420   Section       36  init.o(.text)
    .text                                    0x08000444   Section        0  llshl.o(.text)
    i.BusFault_Handler                       0x08000462   Section        0  gd32f4xx_it.o(i.BusFault_Handler)
    i.CAN0_RX0_IRQHandler                    0x08000468   Section        0  bsp_can.o(i.CAN0_RX0_IRQHandler)
    i.DebugMon_Handler                       0x080004a0   Section        0  gd32f4xx_it.o(i.DebugMon_Handler)
    i.GetMorotParameterPointer               0x080004a4   Section        0  app_motorstep.o(i.GetMorotParameterPointer)
    i.HardFault_Handler                      0x08000518   Section        0  gd32f4xx_it.o(i.HardFault_Handler)
    i.HzCountConversion                      0x0800051c   Section        0  app_motorstep.o(i.HzCountConversion)
    HzCountConversion                        0x0800051d   Thumb Code   138  app_motorstep.o(i.HzCountConversion)
    i.MemManage_Handler                      0x080005b0   Section        0  gd32f4xx_it.o(i.MemManage_Handler)
    i.Motor_Stop_Set                         0x080005b4   Section        0  app_motorstep.o(i.Motor_Stop_Set)
    i.MtStep1gpio_init                       0x08000634   Section        0  bsp_time.o(i.MtStep1gpio_init)
    i.MtStep2gpio_init                       0x08000660   Section        0  bsp_time.o(i.MtStep2gpio_init)
    i.MtStep3gpio_init                       0x0800068c   Section        0  bsp_time.o(i.MtStep3gpio_init)
    i.MtStep4gpio_init                       0x080006b4   Section        0  bsp_time.o(i.MtStep4gpio_init)
    i.MtStep5gpio_init                       0x080006dc   Section        0  bsp_time.o(i.MtStep5gpio_init)
    i.MtStep6gpio_init                       0x08000704   Section        0  bsp_time.o(i.MtStep6gpio_init)
    i.MtStep7gpio_init                       0x0800072c   Section        0  bsp_time.o(i.MtStep7gpio_init)
    i.MtStep8gpio_init                       0x08000758   Section        0  bsp_time.o(i.MtStep8gpio_init)
    i.MtStep9gpio_init                       0x08000784   Section        0  bsp_time.o(i.MtStep9gpio_init)
    i.NMI_Handler                            0x080007ac   Section        0  gd32f4xx_it.o(i.NMI_Handler)
    i.NVIC_SetPriority                       0x080007b0   Section        0  systick.o(i.NVIC_SetPriority)
    NVIC_SetPriority                         0x080007b1   Thumb Code    32  systick.o(i.NVIC_SetPriority)
    i.PendSV_Handler                         0x080007d8   Section        0  gd32f4xx_it.o(i.PendSV_Handler)
    i.QueueFull                              0x080007da   Section        0  app_candatqueue.o(i.QueueFull)
    QueueFull                                0x080007db   Thumb Code    30  app_candatqueue.o(i.QueueFull)
    i.SVC_Handler                            0x080007f8   Section        0  gd32f4xx_it.o(i.SVC_Handler)
    i.SysTick_Handler                        0x080007fc   Section        0  gd32f4xx_it.o(i.SysTick_Handler)
    i.SystemInit                             0x08000814   Section        0  system_gd32f4xx.o(i.SystemInit)
    i.TIM10_Interrupt_Mt7                    0x080008e8   Section        0  app_motorstep.o(i.TIM10_Interrupt_Mt7)
    i.TIM11_Interrupt_Mt8                    0x08000914   Section        0  app_motorstep.o(i.TIM11_Interrupt_Mt8)
    i.TIM12_Interrupt_Mt9                    0x08000940   Section        0  app_motorstep.o(i.TIM12_Interrupt_Mt9)
    i.TIM1_Interrupt_Mt1                     0x0800096c   Section        0  app_motorstep.o(i.TIM1_Interrupt_Mt1)
    i.TIM2_Interrupt_Mt2                     0x08000998   Section        0  app_motorstep.o(i.TIM2_Interrupt_Mt2)
    i.TIM4_Interrupt_Mt3                     0x080009c4   Section        0  app_motorstep.o(i.TIM4_Interrupt_Mt3)
    i.TIM5_Interrupt_Mt4                     0x080009f0   Section        0  app_motorstep.o(i.TIM5_Interrupt_Mt4)
    i.TIM6_Interrupt_Mt5                     0x08000a1c   Section        0  app_motorstep.o(i.TIM6_Interrupt_Mt5)
    i.TIM9_Interrupt_Mt6                     0x08000a48   Section        0  app_motorstep.o(i.TIM9_Interrupt_Mt6)
    i.TIMER0_TRG_CMT_TIMER10_IRQHandler      0x08000a74   Section        0  bsp_time.o(i.TIMER0_TRG_CMT_TIMER10_IRQHandler)
    i.TIMER0_UP_TIMER9_IRQHandler            0x08000a90   Section        0  bsp_time.o(i.TIMER0_UP_TIMER9_IRQHandler)
    i.TIMER1_IRQHandler                      0x08000aac   Section        0  bsp_time.o(i.TIMER1_IRQHandler)
    i.TIMER2_IRQHandler                      0x08000ac4   Section        0  bsp_time.o(i.TIMER2_IRQHandler)
    i.TIMER4_IRQHandler                      0x08000ae0   Section        0  bsp_time.o(i.TIMER4_IRQHandler)
    i.TIMER5_DAC_IRQHandler                  0x08000afc   Section        0  bsp_time.o(i.TIMER5_DAC_IRQHandler)
    i.TIMER6_IRQHandler                      0x08000b18   Section        0  bsp_time.o(i.TIMER6_IRQHandler)
    i.TIMER7_BRK_TIMER11_IRQHandler          0x08000b34   Section        0  bsp_time.o(i.TIMER7_BRK_TIMER11_IRQHandler)
    i.TIMER7_UP_TIMER12_IRQHandler           0x08000b50   Section        0  bsp_time.o(i.TIMER7_UP_TIMER12_IRQHandler)
    i.Timer3_gpio_config                     0x08000b6c   Section        0  bsp_time.o(i.Timer3_gpio_config)
    i.Timer8_gpio_config                     0x08000c10   Section        0  bsp_time.o(i.Timer8_gpio_config)
    i.UsageFault_Handler                     0x08000c64   Section        0  gd32f4xx_it.o(i.UsageFault_Handler)
    i.__0printf$1                            0x08000c68   Section        0  printf1.o(i.__0printf$1)
    i.__scatterload_copy                     0x08000c88   Section       14  handlers.o(i.__scatterload_copy)
    i.__scatterload_null                     0x08000c96   Section        2  handlers.o(i.__scatterload_null)
    i.__scatterload_zeroinit                 0x08000c98   Section       14  handlers.o(i.__scatterload_zeroinit)
    i._printf_core                           0x08000ca8   Section        0  printf1.o(i._printf_core)
    _printf_core                             0x08000ca9   Thumb Code   336  printf1.o(i._printf_core)
    i.appCanDataEnQueue                      0x08000dfc   Section        0  app_candatqueue.o(i.appCanDataEnQueue)
    i.appCanDataInQueue                      0x08000e40   Section        0  app_canmessage.o(i.appCanDataInQueue)
    appCanDataInQueue                        0x08000e41   Thumb Code    20  app_canmessage.o(i.appCanDataInQueue)
    i.appCanMessageInit                      0x08000e58   Section        0  app_canmessage.o(i.appCanMessageInit)
    i.appCanQueueInit                        0x08000e80   Section        0  app_candatqueue.o(i.appCanQueueInit)
    i.appDrv8424Init                         0x08000e8c   Section        0  app_motorconfig.o(i.appDrv8424Init)
    i.appDrv8462Init                         0x08000eda   Section        0  app_motorconfig.o(i.appDrv8462Init)
    i.appDrv8462WriteRegisterVal             0x08000f46   Section        0  app_drv8462.o(i.appDrv8462WriteRegisterVal)
    i.appGpioSetsInit                        0x08000f5a   Section        0  app_gpiosensor.o(i.appGpioSetsInit)
    i.appLiftingMotorDirSet                  0x08000f78   Section        0  app_drv8462.o(i.appLiftingMotorDirSet)
    i.appLiftingMotorEnbleSet                0x08000f9c   Section        0  app_drv8462.o(i.appLiftingMotorEnbleSet)
    i.appMotorStepInit                       0x08000fc8   Section        0  app_motorstep.o(i.appMotorStepInit)
    i.appMps6602Init                         0x08001080   Section        0  app_motorconfig.o(i.appMps6602Init)
    i.appMps6602WriteRegisterVal             0x080010e2   Section        0  app_mps6602.o(i.appMps6602WriteRegisterVal)
    i.appNineMotorLockCurrentSet             0x08001104   Section        0  app_motorconfig.o(i.appNineMotorLockCurrentSet)
    i.appPullMotorDirSet                     0x08001178   Section        0  app_mps6602.o(i.appPullMotorDirSet)
    i.appPullMotorEnbleSet                   0x080011b8   Section        0  app_mps6602.o(i.appPullMotorEnbleSet)
    i.appScissorsClipMotorCurrentSet         0x080011f8   Section        0  app.drv8424.o(i.appScissorsClipMotorCurrentSet)
    i.appScissorsClipMotorDirSet             0x080012f0   Section        0  app.drv8424.o(i.appScissorsClipMotorDirSet)
    i.appScissorsClipMotorEnbleSet           0x08001364   Section        0  app.drv8424.o(i.appScissorsClipMotorEnbleSet)
    i.appScissorsClipMotorMicrostepSet       0x080013d8   Section        0  app.drv8424.o(i.appScissorsClipMotorMicrostepSet)
    i.app_NineStepperMotorsDefaultParameter  0x08001480   Section        0  app_motorconfig.o(i.app_NineStepperMotorsDefaultParameter)
    i.app_System_Led                         0x08001518   Section        0  app_gpiosensor.o(i.app_System_Led)
    i.bsp_Dipswitch_init                     0x0800153c   Section        0  bsp_gpio.o(i.bsp_Dipswitch_init)
    i.bsp_Out24V_init                        0x08001568   Section        0  bsp_gpio.o(i.bsp_Out24V_init)
    i.bsp_Sensor_iniit                       0x0800163c   Section        0  bsp_gpio.o(i.bsp_Sensor_iniit)
    i.bsp_StepperMotorEN_DiR_FUAL_NRST_init  0x080017c4   Section        0  bsp_gpio.o(i.bsp_StepperMotorEN_DiR_FUAL_NRST_init)
    i.bsp_StepperMotorMicrostep_init         0x08001a94   Section        0  bsp_gpio.o(i.bsp_StepperMotorMicrostep_init)
    i.bsp_Time10Step_init                    0x08001b04   Section        0  bsp_time.o(i.bsp_Time10Step_init)
    i.bsp_Time11Step_init                    0x08001b68   Section        0  bsp_time.o(i.bsp_Time11Step_init)
    i.bsp_Time12Step_init                    0x08001bcc   Section        0  bsp_time.o(i.bsp_Time12Step_init)
    i.bsp_Time1Step_init                     0x08001c30   Section        0  bsp_time.o(i.bsp_Time1Step_init)
    i.bsp_Time2Step_init                     0x08001c98   Section        0  bsp_time.o(i.bsp_Time2Step_init)
    i.bsp_Time4Step_init                     0x08001cfc   Section        0  bsp_time.o(i.bsp_Time4Step_init)
    i.bsp_Time5Step_init                     0x08001d60   Section        0  bsp_time.o(i.bsp_Time5Step_init)
    i.bsp_Time6Step_init                     0x08001dc4   Section        0  bsp_time.o(i.bsp_Time6Step_init)
    i.bsp_Time9Step_init                     0x08001e28   Section        0  bsp_time.o(i.bsp_Time9Step_init)
    i.bsp_Timer3_PWM_Config                  0x08001e8c   Section        0  bsp_time.o(i.bsp_Timer3_PWM_Config)
    i.bsp_Timer8_PWM_Config                  0x08001f9c   Section        0  bsp_time.o(i.bsp_Timer8_PWM_Config)
    i.bsp_can0_init                          0x08002060   Section        0  bsp_can.o(i.bsp_can0_init)
    i.bsp_led_init                           0x0800206c   Section        0  bsp_gpio.o(i.bsp_led_init)
    i.bsp_spi0_Init                          0x08002094   Section        0  bsp_spi.o(i.bsp_spi0_Init)
    i.bsp_spi0_writedata_16bits              0x08002154   Section        0  bsp_spi.o(i.bsp_spi0_writedata_16bits)
    i.bsp_spi1_Init                          0x08002228   Section        0  bsp_spi.o(i.bsp_spi1_Init)
    i.bsp_spi1_writedata_16bits              0x080022bc   Section        0  bsp_spi.o(i.bsp_spi1_writedata_16bits)
    i.bsp_uart0_int                          0x08002320   Section        0  bsp_uart.o(i.bsp_uart0_int)
    i.can_config                             0x080023e0   Section        0  bsp_can.o(i.can_config)
    can_config                               0x080023e1   Thumb Code   176  bsp_can.o(i.can_config)
    i.can_deinit                             0x08002494   Section        0  gd32f4xx_can.o(i.can_deinit)
    i.can_error_get                          0x080024c8   Section        0  gd32f4xx_can.o(i.can_error_get)
    i.can_filter_init                        0x080024d4   Section        0  gd32f4xx_can.o(i.can_filter_init)
    i.can_gpio_config                        0x080025e4   Section        0  bsp_can.o(i.can_gpio_config)
    can_gpio_config                          0x080025e5   Thumb Code   100  bsp_can.o(i.can_gpio_config)
    i.can_init                               0x0800264c   Section        0  gd32f4xx_can.o(i.can_init)
    i.can_interrupt_enable                   0x0800276e   Section        0  gd32f4xx_can.o(i.can_interrupt_enable)
    i.can_interrupt_flag_clear               0x08002776   Section        0  gd32f4xx_can.o(i.can_interrupt_flag_clear)
    i.can_interrupt_flag_get                 0x08002788   Section        0  gd32f4xx_can.o(i.can_interrupt_flag_get)
    i.can_message_receive                    0x080027fc   Section        0  gd32f4xx_can.o(i.can_message_receive)
    i.can_receive_message_length_get         0x080028e0   Section        0  gd32f4xx_can.o(i.can_receive_message_length_get)
    i.can_struct_para_init                   0x080028fa   Section        0  gd32f4xx_can.o(i.can_struct_para_init)
    i.delay_1ms                              0x080029a0   Section        0  systick.o(i.delay_1ms)
    i.delay_decrement                        0x080029b4   Section        0  systick.o(i.delay_decrement)
    i.fputc                                  0x080029cc   Section        0  bsp_uart.o(i.fputc)
    i.gpio_af_set                            0x080029f0   Section        0  gd32f4xx_gpio.o(i.gpio_af_set)
    i.gpio_bit_reset                         0x08002a4e   Section        0  gd32f4xx_gpio.o(i.gpio_bit_reset)
    i.gpio_bit_set                           0x08002a52   Section        0  gd32f4xx_gpio.o(i.gpio_bit_set)
    i.gpio_bit_toggle                        0x08002a56   Section        0  gd32f4xx_gpio.o(i.gpio_bit_toggle)
    i.gpio_bit_write                         0x08002a5a   Section        0  gd32f4xx_gpio.o(i.gpio_bit_write)
    i.gpio_mode_set                          0x08002a64   Section        0  gd32f4xx_gpio.o(i.gpio_mode_set)
    i.gpio_output_options_set                0x08002ab2   Section        0  gd32f4xx_gpio.o(i.gpio_output_options_set)
    i.main                                   0x08002af4   Section        0  main.o(i.main)
    i.nvic_irq_enable                        0x08002b14   Section        0  gd32f4xx_misc.o(i.nvic_irq_enable)
    i.nvic_priority_group_set                0x08002bd8   Section        0  gd32f4xx_misc.o(i.nvic_priority_group_set)
    i.rcu_clock_freq_get                     0x08002bec   Section        0  gd32f4xx_rcu.o(i.rcu_clock_freq_get)
    i.rcu_periph_clock_enable                0x08002d10   Section        0  gd32f4xx_rcu.o(i.rcu_periph_clock_enable)
    i.rcu_periph_reset_disable               0x08002d34   Section        0  gd32f4xx_rcu.o(i.rcu_periph_reset_disable)
    i.rcu_periph_reset_enable                0x08002d58   Section        0  gd32f4xx_rcu.o(i.rcu_periph_reset_enable)
    i.rcu_timer_clock_prescaler_config       0x08002d7c   Section        0  gd32f4xx_rcu.o(i.rcu_timer_clock_prescaler_config)
    i.speed_decision                         0x08002da0   Section        0  app_motorstep.o(i.speed_decision)
    i.spi_enable                             0x08002eac   Section        0  gd32f4xx_spi.o(i.spi_enable)
    i.spi_i2s_data_receive                   0x08002eb6   Section        0  gd32f4xx_spi.o(i.spi_i2s_data_receive)
    i.spi_i2s_data_transmit                  0x08002ebe   Section        0  gd32f4xx_spi.o(i.spi_i2s_data_transmit)
    i.spi_i2s_flag_get                       0x08002ec2   Section        0  gd32f4xx_spi.o(i.spi_i2s_flag_get)
    i.spi_init                               0x08002ed2   Section        0  gd32f4xx_spi.o(i.spi_init)
    i.system_clock_168m_8m_hxtal             0x08002f04   Section        0  system_gd32f4xx.o(i.system_clock_168m_8m_hxtal)
    system_clock_168m_8m_hxtal               0x08002f05   Thumb Code   250  system_gd32f4xx.o(i.system_clock_168m_8m_hxtal)
    i.system_clock_config                    0x0800300c   Section        0  system_gd32f4xx.o(i.system_clock_config)
    system_clock_config                      0x0800300d   Thumb Code     8  system_gd32f4xx.o(i.system_clock_config)
    i.systick_config                         0x08003014   Section        0  systick.o(i.systick_config)
    i.timer_auto_reload_shadow_enable        0x08003064   Section        0  gd32f4xx_timer.o(i.timer_auto_reload_shadow_enable)
    i.timer_autoreload_value_config          0x0800306e   Section        0  gd32f4xx_timer.o(i.timer_autoreload_value_config)
    i.timer_channel_output_config            0x08003074   Section        0  gd32f4xx_timer.o(i.timer_channel_output_config)
    i.timer_channel_output_mode_config       0x08003260   Section        0  gd32f4xx_timer.o(i.timer_channel_output_mode_config)
    i.timer_channel_output_pulse_value_config 0x080032ba   Section        0  gd32f4xx_timer.o(i.timer_channel_output_pulse_value_config)
    i.timer_channel_output_shadow_config     0x080032e0   Section        0  gd32f4xx_timer.o(i.timer_channel_output_shadow_config)
    i.timer_deinit                           0x0800333c   Section        0  gd32f4xx_timer.o(i.timer_deinit)
    i.timer_enable                           0x080034c0   Section        0  gd32f4xx_timer.o(i.timer_enable)
    i.timer_init                             0x080034cc   Section        0  gd32f4xx_timer.o(i.timer_init)
    i.timer_internal_clock_config            0x08003564   Section        0  gd32f4xx_timer.o(i.timer_internal_clock_config)
    i.timer_interrupt_disable                0x0800356e   Section        0  gd32f4xx_timer.o(i.timer_interrupt_disable)
    i.timer_interrupt_flag_clear             0x08003576   Section        0  gd32f4xx_timer.o(i.timer_interrupt_flag_clear)
    i.usart_baudrate_set                     0x0800357c   Section        0  gd32f4xx_usart.o(i.usart_baudrate_set)
    i.usart_data_first_config                0x08003664   Section        0  gd32f4xx_usart.o(i.usart_data_first_config)
    i.usart_data_transmit                    0x08003678   Section        0  gd32f4xx_usart.o(i.usart_data_transmit)
    i.usart_deinit                           0x08003680   Section        0  gd32f4xx_usart.o(i.usart_deinit)
    i.usart_enable                           0x0800375c   Section        0  gd32f4xx_usart.o(i.usart_enable)
    i.usart_flag_get                         0x08003766   Section        0  gd32f4xx_usart.o(i.usart_flag_get)
    i.usart_oversample_config                0x08003784   Section        0  gd32f4xx_usart.o(i.usart_oversample_config)
    i.usart_parity_config                    0x08003794   Section        0  gd32f4xx_usart.o(i.usart_parity_config)
    i.usart_receive_config                   0x080037a4   Section        0  gd32f4xx_usart.o(i.usart_receive_config)
    i.usart_stop_bit_set                     0x080037b4   Section        0  gd32f4xx_usart.o(i.usart_stop_bit_set)
    i.usart_transmit_config                  0x080037c4   Section        0  gd32f4xx_usart.o(i.usart_transmit_config)
    i.usart_word_length_set                  0x080037d4   Section        0  gd32f4xx_usart.o(i.usart_word_length_set)
    .constdata                               0x080037e4   Section       38  app_motorconfig.o(.constdata)
    .constdata                               0x0800380c   Section      160  app_motorstep.o(.constdata)
    .constdata                               0x080038ac   Section      152  app.drv8424.o(.constdata)
    .data                                    0x20000000   Section        4  system_gd32f4xx.o(.data)
    .data                                    0x20000004   Section        4  systick.o(.data)
    delay                                    0x20000004   Data           4  systick.o(.data)
    .data                                    0x20000008   Section        4  bsp_uart.o(.data)
    .data                                    0x2000000c   Section        4  bsp_can.o(.data)
    .data                                    0x20000010   Section       36  bsp_time.o(.data)
    .data                                    0x20000034   Section        4  app_gpiosensor.o(.data)
    .data                                    0x20000038   Section        2  app_motorstep.o(.data)
    .data                                    0x2000003c   Section        4  stdout.o(.data)
    .bss                                     0x20000040   Section     1016  app_candatqueue.o(.bss)
    .bss                                     0x20000438   Section      477  app_motorstep.o(.bss)
    flag                                     0x2000060c   Data           9  app_motorstep.o(.bss)
    STACK                                    0x20000618   Section     1024  startup_gd32f407_427.o(STACK)

    Global Symbols

    Symbol Name                              Value     Ov Type        Size  Object(Section)

    BuildAttributes$$THM_ISAv4$E$P$D$K$B$S$7EM$VFPi3$EXTD16$VFPS$VFMA$PE$A:L22UL41UL21$X:L11$S22US41US21$IEEE1$IW$USESV6$~STKCKD$USESV7$~SHL$OSPACE$ROPI$EBA8$MICROLIB$REQ8$PRES8$EABIv2 0x00000000   Number         0  anon$$obj.o ABSOLUTE
    __ARM_use_no_argv                        0x00000000   Number         0  main.o ABSOLUTE
    _printf_a                                0x00000000   Number         0  stubs.o ABSOLUTE
    _printf_c                                0x00000000   Number         0  stubs.o ABSOLUTE
    _printf_charcount                        0x00000000   Number         0  stubs.o ABSOLUTE
    _printf_d                                0x00000000   Number         0  stubs.o ABSOLUTE
    _printf_e                                0x00000000   Number         0  stubs.o ABSOLUTE
    _printf_f                                0x00000000   Number         0  stubs.o ABSOLUTE
    _printf_flags                            0x00000000   Number         0  stubs.o ABSOLUTE
    _printf_fp_dec                           0x00000000   Number         0  stubs.o ABSOLUTE
    _printf_fp_hex                           0x00000000   Number         0  stubs.o ABSOLUTE
    _printf_g                                0x00000000   Number         0  stubs.o ABSOLUTE
    _printf_i                                0x00000000   Number         0  stubs.o ABSOLUTE
    _printf_int_dec                          0x00000000   Number         0  stubs.o ABSOLUTE
    _printf_l                                0x00000000   Number         0  stubs.o ABSOLUTE
    _printf_lc                               0x00000000   Number         0  stubs.o ABSOLUTE
    _printf_ll                               0x00000000   Number         0  stubs.o ABSOLUTE
    _printf_lld                              0x00000000   Number         0  stubs.o ABSOLUTE
    _printf_lli                              0x00000000   Number         0  stubs.o ABSOLUTE
    _printf_llo                              0x00000000   Number         0  stubs.o ABSOLUTE
    _printf_llu                              0x00000000   Number         0  stubs.o ABSOLUTE
    _printf_llx                              0x00000000   Number         0  stubs.o ABSOLUTE
    _printf_longlong_dec                     0x00000000   Number         0  stubs.o ABSOLUTE
    _printf_longlong_hex                     0x00000000   Number         0  stubs.o ABSOLUTE
    _printf_longlong_oct                     0x00000000   Number         0  stubs.o ABSOLUTE
    _printf_ls                               0x00000000   Number         0  stubs.o ABSOLUTE
    _printf_mbtowc                           0x00000000   Number         0  stubs.o ABSOLUTE
    _printf_n                                0x00000000   Number         0  stubs.o ABSOLUTE
    _printf_o                                0x00000000   Number         0  stubs.o ABSOLUTE
    _printf_p                                0x00000000   Number         0  stubs.o ABSOLUTE
    _printf_percent                          0x00000000   Number         0  stubs.o ABSOLUTE
    _printf_pre_padding                      0x00000000   Number         0  stubs.o ABSOLUTE
    _printf_return_value                     0x00000000   Number         0  stubs.o ABSOLUTE
    _printf_s                                0x00000000   Number         0  stubs.o ABSOLUTE
    _printf_sizespec                         0x00000000   Number         0  stubs.o ABSOLUTE
    _printf_str                              0x00000000   Number         0  stubs.o ABSOLUTE
    _printf_truncate_signed                  0x00000000   Number         0  stubs.o ABSOLUTE
    _printf_truncate_unsigned                0x00000000   Number         0  stubs.o ABSOLUTE
    _printf_u                                0x00000000   Number         0  stubs.o ABSOLUTE
    _printf_wc                               0x00000000   Number         0  stubs.o ABSOLUTE
    _printf_wctomb                           0x00000000   Number         0  stubs.o ABSOLUTE
    _printf_widthprec                        0x00000000   Number         0  stubs.o ABSOLUTE
    _printf_x                                0x00000000   Number         0  stubs.o ABSOLUTE
    __arm_fini_                               - Undefined Weak Reference
    __cpp_initialize__aeabi_                  - Undefined Weak Reference
    __cxa_finalize                            - Undefined Weak Reference
    __decompress                              - Undefined Weak Reference
    _clock_init                               - Undefined Weak Reference
    _microlib_exit                            - Undefined Weak Reference
    __Vectors_Size                           0x00000188   Number         0  startup_gd32f407_427.o ABSOLUTE
    __Vectors                                0x08000000   Data           4  startup_gd32f407_427.o(RESET)
    __Vectors_End                            0x08000188   Data           0  startup_gd32f407_427.o(RESET)
    __main                                   0x08000189   Thumb Code     0  entry.o(.ARM.Collect$$$$00000000)
    _main_stk                                0x08000189   Thumb Code     0  entry2.o(.ARM.Collect$$$$00000001)
    _main_scatterload                        0x0800018d   Thumb Code     0  entry5.o(.ARM.Collect$$$$00000004)
    __main_after_scatterload                 0x08000191   Thumb Code     0  entry5.o(.ARM.Collect$$$$00000004)
    _main_clock                              0x08000191   Thumb Code     0  entry7b.o(.ARM.Collect$$$$00000008)
    _main_cpp_init                           0x08000191   Thumb Code     0  entry8b.o(.ARM.Collect$$$$0000000A)
    _main_init                               0x08000191   Thumb Code     0  entry9a.o(.ARM.Collect$$$$0000000B)
    __rt_lib_shutdown_fini                   0x08000199   Thumb Code     0  entry12b.o(.ARM.Collect$$$$0000000E)
    __rt_final_cpp                           0x0800019d   Thumb Code     0  entry10a.o(.ARM.Collect$$$$0000000F)
    __rt_final_exit                          0x0800019d   Thumb Code     0  entry11a.o(.ARM.Collect$$$$00000011)
    Reset_Handler                            0x080001a1   Thumb Code     8  startup_gd32f407_427.o(.text)
    ADC_IRQHandler                           0x080001bb   Thumb Code     0  startup_gd32f407_427.o(.text)
    CAN0_EWMC_IRQHandler                     0x080001bb   Thumb Code     0  startup_gd32f407_427.o(.text)
    CAN0_RX1_IRQHandler                      0x080001bb   Thumb Code     0  startup_gd32f407_427.o(.text)
    CAN0_TX_IRQHandler                       0x080001bb   Thumb Code     0  startup_gd32f407_427.o(.text)
    CAN1_EWMC_IRQHandler                     0x080001bb   Thumb Code     0  startup_gd32f407_427.o(.text)
    CAN1_RX0_IRQHandler                      0x080001bb   Thumb Code     0  startup_gd32f407_427.o(.text)
    CAN1_RX1_IRQHandler                      0x080001bb   Thumb Code     0  startup_gd32f407_427.o(.text)
    CAN1_TX_IRQHandler                       0x080001bb   Thumb Code     0  startup_gd32f407_427.o(.text)
    DCI_IRQHandler                           0x080001bb   Thumb Code     0  startup_gd32f407_427.o(.text)
    DMA0_Channel0_IRQHandler                 0x080001bb   Thumb Code     0  startup_gd32f407_427.o(.text)
    DMA0_Channel1_IRQHandler                 0x080001bb   Thumb Code     0  startup_gd32f407_427.o(.text)
    DMA0_Channel2_IRQHandler                 0x080001bb   Thumb Code     0  startup_gd32f407_427.o(.text)
    DMA0_Channel3_IRQHandler                 0x080001bb   Thumb Code     0  startup_gd32f407_427.o(.text)
    DMA0_Channel4_IRQHandler                 0x080001bb   Thumb Code     0  startup_gd32f407_427.o(.text)
    DMA0_Channel5_IRQHandler                 0x080001bb   Thumb Code     0  startup_gd32f407_427.o(.text)
    DMA0_Channel6_IRQHandler                 0x080001bb   Thumb Code     0  startup_gd32f407_427.o(.text)
    DMA0_Channel7_IRQHandler                 0x080001bb   Thumb Code     0  startup_gd32f407_427.o(.text)
    DMA1_Channel0_IRQHandler                 0x080001bb   Thumb Code     0  startup_gd32f407_427.o(.text)
    DMA1_Channel1_IRQHandler                 0x080001bb   Thumb Code     0  startup_gd32f407_427.o(.text)
    DMA1_Channel2_IRQHandler                 0x080001bb   Thumb Code     0  startup_gd32f407_427.o(.text)
    DMA1_Channel3_IRQHandler                 0x080001bb   Thumb Code     0  startup_gd32f407_427.o(.text)
    DMA1_Channel4_IRQHandler                 0x080001bb   Thumb Code     0  startup_gd32f407_427.o(.text)
    DMA1_Channel5_IRQHandler                 0x080001bb   Thumb Code     0  startup_gd32f407_427.o(.text)
    DMA1_Channel6_IRQHandler                 0x080001bb   Thumb Code     0  startup_gd32f407_427.o(.text)
    DMA1_Channel7_IRQHandler                 0x080001bb   Thumb Code     0  startup_gd32f407_427.o(.text)
    ENET_IRQHandler                          0x080001bb   Thumb Code     0  startup_gd32f407_427.o(.text)
    ENET_WKUP_IRQHandler                     0x080001bb   Thumb Code     0  startup_gd32f407_427.o(.text)
    EXMC_IRQHandler                          0x080001bb   Thumb Code     0  startup_gd32f407_427.o(.text)
    EXTI0_IRQHandler                         0x080001bb   Thumb Code     0  startup_gd32f407_427.o(.text)
    EXTI10_15_IRQHandler                     0x080001bb   Thumb Code     0  startup_gd32f407_427.o(.text)
    EXTI1_IRQHandler                         0x080001bb   Thumb Code     0  startup_gd32f407_427.o(.text)
    EXTI2_IRQHandler                         0x080001bb   Thumb Code     0  startup_gd32f407_427.o(.text)
    EXTI3_IRQHandler                         0x080001bb   Thumb Code     0  startup_gd32f407_427.o(.text)
    EXTI4_IRQHandler                         0x080001bb   Thumb Code     0  startup_gd32f407_427.o(.text)
    EXTI5_9_IRQHandler                       0x080001bb   Thumb Code     0  startup_gd32f407_427.o(.text)
    FMC_IRQHandler                           0x080001bb   Thumb Code     0  startup_gd32f407_427.o(.text)
    FPU_IRQHandler                           0x080001bb   Thumb Code     0  startup_gd32f407_427.o(.text)
    I2C0_ER_IRQHandler                       0x080001bb   Thumb Code     0  startup_gd32f407_427.o(.text)
    I2C0_EV_IRQHandler                       0x080001bb   Thumb Code     0  startup_gd32f407_427.o(.text)
    I2C1_ER_IRQHandler                       0x080001bb   Thumb Code     0  startup_gd32f407_427.o(.text)
    I2C1_EV_IRQHandler                       0x080001bb   Thumb Code     0  startup_gd32f407_427.o(.text)
    I2C2_ER_IRQHandler                       0x080001bb   Thumb Code     0  startup_gd32f407_427.o(.text)
    I2C2_EV_IRQHandler                       0x080001bb   Thumb Code     0  startup_gd32f407_427.o(.text)
    LVD_IRQHandler                           0x080001bb   Thumb Code     0  startup_gd32f407_427.o(.text)
    RCU_CTC_IRQHandler                       0x080001bb   Thumb Code     0  startup_gd32f407_427.o(.text)
    RTC_Alarm_IRQHandler                     0x080001bb   Thumb Code     0  startup_gd32f407_427.o(.text)
    RTC_WKUP_IRQHandler                      0x080001bb   Thumb Code     0  startup_gd32f407_427.o(.text)
    SDIO_IRQHandler                          0x080001bb   Thumb Code     0  startup_gd32f407_427.o(.text)
    SPI0_IRQHandler                          0x080001bb   Thumb Code     0  startup_gd32f407_427.o(.text)
    SPI1_IRQHandler                          0x080001bb   Thumb Code     0  startup_gd32f407_427.o(.text)
    SPI2_IRQHandler                          0x080001bb   Thumb Code     0  startup_gd32f407_427.o(.text)
    TAMPER_STAMP_IRQHandler                  0x080001bb   Thumb Code     0  startup_gd32f407_427.o(.text)
    TIMER0_BRK_TIMER8_IRQHandler             0x080001bb   Thumb Code     0  startup_gd32f407_427.o(.text)
    TIMER0_Channel_IRQHandler                0x080001bb   Thumb Code     0  startup_gd32f407_427.o(.text)
    TIMER3_IRQHandler                        0x080001bb   Thumb Code     0  startup_gd32f407_427.o(.text)
    TIMER7_Channel_IRQHandler                0x080001bb   Thumb Code     0  startup_gd32f407_427.o(.text)
    TIMER7_TRG_CMT_TIMER13_IRQHandler        0x080001bb   Thumb Code     0  startup_gd32f407_427.o(.text)
    TRNG_IRQHandler                          0x080001bb   Thumb Code     0  startup_gd32f407_427.o(.text)
    UART3_IRQHandler                         0x080001bb   Thumb Code     0  startup_gd32f407_427.o(.text)
    UART4_IRQHandler                         0x080001bb   Thumb Code     0  startup_gd32f407_427.o(.text)
    USART0_IRQHandler                        0x080001bb   Thumb Code     0  startup_gd32f407_427.o(.text)
    USART1_IRQHandler                        0x080001bb   Thumb Code     0  startup_gd32f407_427.o(.text)
    USART2_IRQHandler                        0x080001bb   Thumb Code     0  startup_gd32f407_427.o(.text)
    USART5_IRQHandler                        0x080001bb   Thumb Code     0  startup_gd32f407_427.o(.text)
    USBFS_IRQHandler                         0x080001bb   Thumb Code     0  startup_gd32f407_427.o(.text)
    USBFS_WKUP_IRQHandler                    0x080001bb   Thumb Code     0  startup_gd32f407_427.o(.text)
    USBHS_EP1_In_IRQHandler                  0x080001bb   Thumb Code     0  startup_gd32f407_427.o(.text)
    USBHS_EP1_Out_IRQHandler                 0x080001bb   Thumb Code     0  startup_gd32f407_427.o(.text)
    USBHS_IRQHandler                         0x080001bb   Thumb Code     0  startup_gd32f407_427.o(.text)
    USBHS_WKUP_IRQHandler                    0x080001bb   Thumb Code     0  startup_gd32f407_427.o(.text)
    WWDGT_IRQHandler                         0x080001bb   Thumb Code     0  startup_gd32f407_427.o(.text)
    __aeabi_memcpy                           0x080001c5   Thumb Code    36  memcpya.o(.text)
    __aeabi_memcpy4                          0x080001c5   Thumb Code     0  memcpya.o(.text)
    __aeabi_memcpy8                          0x080001c5   Thumb Code     0  memcpya.o(.text)
    __aeabi_ddiv                             0x080001e9   Thumb Code   222  ddiv.o(.text)
    __aeabi_i2d                              0x080002c7   Thumb Code    34  dflti.o(.text)
    __aeabi_d2uiz                            0x080002e9   Thumb Code    50  dfixui.o(.text)
    __aeabi_uidiv                            0x0800031b   Thumb Code     0  uidiv.o(.text)
    __aeabi_uidivmod                         0x0800031b   Thumb Code    44  uidiv.o(.text)
    __aeabi_llsr                             0x08000347   Thumb Code    32  llushr.o(.text)
    _ll_ushift_r                             0x08000347   Thumb Code     0  llushr.o(.text)
    __I$use$fp                               0x08000367   Thumb Code     0  iusefp.o(.text)
    _double_round                            0x08000367   Thumb Code    30  depilogue.o(.text)
    _double_epilogue                         0x08000385   Thumb Code   156  depilogue.o(.text)
    __scatterload                            0x08000421   Thumb Code    28  init.o(.text)
    __scatterload_rt2                        0x08000421   Thumb Code     0  init.o(.text)
    __aeabi_llsl                             0x08000445   Thumb Code    30  llshl.o(.text)
    _ll_shift_l                              0x08000445   Thumb Code     0  llshl.o(.text)
    BusFault_Handler                         0x08000463   Thumb Code     4  gd32f4xx_it.o(i.BusFault_Handler)
    CAN0_RX0_IRQHandler                      0x08000469   Thumb Code    48  bsp_can.o(i.CAN0_RX0_IRQHandler)
    DebugMon_Handler                         0x080004a1   Thumb Code     2  gd32f4xx_it.o(i.DebugMon_Handler)
    GetMorotParameterPointer                 0x080004a5   Thumb Code    78  app_motorstep.o(i.GetMorotParameterPointer)
    HardFault_Handler                        0x08000519   Thumb Code     4  gd32f4xx_it.o(i.HardFault_Handler)
    MemManage_Handler                        0x080005b1   Thumb Code     4  gd32f4xx_it.o(i.MemManage_Handler)
    Motor_Stop_Set                           0x080005b5   Thumb Code   122  app_motorstep.o(i.Motor_Stop_Set)
    MtStep1gpio_init                         0x08000635   Thumb Code    40  bsp_time.o(i.MtStep1gpio_init)
    MtStep2gpio_init                         0x08000661   Thumb Code    40  bsp_time.o(i.MtStep2gpio_init)
    MtStep3gpio_init                         0x0800068d   Thumb Code    36  bsp_time.o(i.MtStep3gpio_init)
    MtStep4gpio_init                         0x080006b5   Thumb Code    36  bsp_time.o(i.MtStep4gpio_init)
    MtStep5gpio_init                         0x080006dd   Thumb Code    36  bsp_time.o(i.MtStep5gpio_init)
    MtStep6gpio_init                         0x08000705   Thumb Code    36  bsp_time.o(i.MtStep6gpio_init)
    MtStep7gpio_init                         0x0800072d   Thumb Code    40  bsp_time.o(i.MtStep7gpio_init)
    MtStep8gpio_init                         0x08000759   Thumb Code    40  bsp_time.o(i.MtStep8gpio_init)
    MtStep9gpio_init                         0x08000785   Thumb Code    36  bsp_time.o(i.MtStep9gpio_init)
    NMI_Handler                              0x080007ad   Thumb Code     2  gd32f4xx_it.o(i.NMI_Handler)
    PendSV_Handler                           0x080007d9   Thumb Code     2  gd32f4xx_it.o(i.PendSV_Handler)
    SVC_Handler                              0x080007f9   Thumb Code     2  gd32f4xx_it.o(i.SVC_Handler)
    SysTick_Handler                          0x080007fd   Thumb Code    18  gd32f4xx_it.o(i.SysTick_Handler)
    SystemInit                               0x08000815   Thumb Code   194  system_gd32f4xx.o(i.SystemInit)
    TIM10_Interrupt_Mt7                      0x080008e9   Thumb Code    32  app_motorstep.o(i.TIM10_Interrupt_Mt7)
    TIM11_Interrupt_Mt8                      0x08000915   Thumb Code    32  app_motorstep.o(i.TIM11_Interrupt_Mt8)
    TIM12_Interrupt_Mt9                      0x08000941   Thumb Code    30  app_motorstep.o(i.TIM12_Interrupt_Mt9)
    TIM1_Interrupt_Mt1                       0x0800096d   Thumb Code    34  app_motorstep.o(i.TIM1_Interrupt_Mt1)
    TIM2_Interrupt_Mt2                       0x08000999   Thumb Code    32  app_motorstep.o(i.TIM2_Interrupt_Mt2)
    TIM4_Interrupt_Mt3                       0x080009c5   Thumb Code    30  app_motorstep.o(i.TIM4_Interrupt_Mt3)
    TIM5_Interrupt_Mt4                       0x080009f1   Thumb Code    30  app_motorstep.o(i.TIM5_Interrupt_Mt4)
    TIM6_Interrupt_Mt5                       0x08000a1d   Thumb Code    30  app_motorstep.o(i.TIM6_Interrupt_Mt5)
    TIM9_Interrupt_Mt6                       0x08000a49   Thumb Code    30  app_motorstep.o(i.TIM9_Interrupt_Mt6)
    TIMER0_TRG_CMT_TIMER10_IRQHandler        0x08000a75   Thumb Code    18  bsp_time.o(i.TIMER0_TRG_CMT_TIMER10_IRQHandler)
    TIMER0_UP_TIMER9_IRQHandler              0x08000a91   Thumb Code    18  bsp_time.o(i.TIMER0_UP_TIMER9_IRQHandler)
    TIMER1_IRQHandler                        0x08000aad   Thumb Code    18  bsp_time.o(i.TIMER1_IRQHandler)
    TIMER2_IRQHandler                        0x08000ac5   Thumb Code    18  bsp_time.o(i.TIMER2_IRQHandler)
    TIMER4_IRQHandler                        0x08000ae1   Thumb Code    18  bsp_time.o(i.TIMER4_IRQHandler)
    TIMER5_DAC_IRQHandler                    0x08000afd   Thumb Code    18  bsp_time.o(i.TIMER5_DAC_IRQHandler)
    TIMER6_IRQHandler                        0x08000b19   Thumb Code    18  bsp_time.o(i.TIMER6_IRQHandler)
    TIMER7_BRK_TIMER11_IRQHandler            0x08000b35   Thumb Code    18  bsp_time.o(i.TIMER7_BRK_TIMER11_IRQHandler)
    TIMER7_UP_TIMER12_IRQHandler             0x08000b51   Thumb Code    18  bsp_time.o(i.TIMER7_UP_TIMER12_IRQHandler)
    Timer3_gpio_config                       0x08000b6d   Thumb Code   160  bsp_time.o(i.Timer3_gpio_config)
    Timer8_gpio_config                       0x08000c11   Thumb Code    80  bsp_time.o(i.Timer8_gpio_config)
    UsageFault_Handler                       0x08000c65   Thumb Code     4  gd32f4xx_it.o(i.UsageFault_Handler)
    __0printf$1                              0x08000c69   Thumb Code    22  printf1.o(i.__0printf$1)
    __1printf$1                              0x08000c69   Thumb Code     0  printf1.o(i.__0printf$1)
    __2printf                                0x08000c69   Thumb Code     0  printf1.o(i.__0printf$1)
    __scatterload_copy                       0x08000c89   Thumb Code    14  handlers.o(i.__scatterload_copy)
    __scatterload_null                       0x08000c97   Thumb Code     2  handlers.o(i.__scatterload_null)
    __scatterload_zeroinit                   0x08000c99   Thumb Code    14  handlers.o(i.__scatterload_zeroinit)
    appCanDataEnQueue                        0x08000dfd   Thumb Code    68  app_candatqueue.o(i.appCanDataEnQueue)
    appCanMessageInit                        0x08000e59   Thumb Code    24  app_canmessage.o(i.appCanMessageInit)
    appCanQueueInit                          0x08000e81   Thumb Code    12  app_candatqueue.o(i.appCanQueueInit)
    appDrv8424Init                           0x08000e8d   Thumb Code    78  app_motorconfig.o(i.appDrv8424Init)
    appDrv8462Init                           0x08000edb   Thumb Code   108  app_motorconfig.o(i.appDrv8462Init)
    appDrv8462WriteRegisterVal               0x08000f47   Thumb Code    20  app_drv8462.o(i.appDrv8462WriteRegisterVal)
    appGpioSetsInit                          0x08000f5b   Thumb Code    28  app_gpiosensor.o(i.appGpioSetsInit)
    appLiftingMotorDirSet                    0x08000f79   Thumb Code    32  app_drv8462.o(i.appLiftingMotorDirSet)
    appLiftingMotorEnbleSet                  0x08000f9d   Thumb Code    40  app_drv8462.o(i.appLiftingMotorEnbleSet)
    appMotorStepInit                         0x08000fc9   Thumb Code   110  app_motorstep.o(i.appMotorStepInit)
    appMps6602Init                           0x08001081   Thumb Code    98  app_motorconfig.o(i.appMps6602Init)
    appMps6602WriteRegisterVal               0x080010e3   Thumb Code    34  app_mps6602.o(i.appMps6602WriteRegisterVal)
    appNineMotorLockCurrentSet               0x08001105   Thumb Code   116  app_motorconfig.o(i.appNineMotorLockCurrentSet)
    appPullMotorDirSet                       0x08001179   Thumb Code    56  app_mps6602.o(i.appPullMotorDirSet)
    appPullMotorEnbleSet                     0x080011b9   Thumb Code    54  app_mps6602.o(i.appPullMotorEnbleSet)
    appScissorsClipMotorCurrentSet           0x080011f9   Thumb Code   216  app.drv8424.o(i.appScissorsClipMotorCurrentSet)
    appScissorsClipMotorDirSet               0x080012f1   Thumb Code   112  app.drv8424.o(i.appScissorsClipMotorDirSet)
    appScissorsClipMotorEnbleSet             0x08001365   Thumb Code   112  app.drv8424.o(i.appScissorsClipMotorEnbleSet)
    appScissorsClipMotorMicrostepSet         0x080013d9   Thumb Code   164  app.drv8424.o(i.appScissorsClipMotorMicrostepSet)
    app_NineStepperMotorsDefaultParameter    0x08001481   Thumb Code   146  app_motorconfig.o(i.app_NineStepperMotorsDefaultParameter)
    app_System_Led                           0x08001519   Thumb Code    28  app_gpiosensor.o(i.app_System_Led)
    bsp_Dipswitch_init                       0x0800153d   Thumb Code    40  bsp_gpio.o(i.bsp_Dipswitch_init)
    bsp_Out24V_init                          0x08001569   Thumb Code   198  bsp_gpio.o(i.bsp_Out24V_init)
    bsp_Sensor_iniit                         0x0800163d   Thumb Code   372  bsp_gpio.o(i.bsp_Sensor_iniit)
    bsp_StepperMotorEN_DiR_FUAL_NRST_init    0x080017c5   Thumb Code   694  bsp_gpio.o(i.bsp_StepperMotorEN_DiR_FUAL_NRST_init)
    bsp_StepperMotorMicrostep_init           0x08001a95   Thumb Code   108  bsp_gpio.o(i.bsp_StepperMotorMicrostep_init)
    bsp_Time10Step_init                      0x08001b05   Thumb Code    94  bsp_time.o(i.bsp_Time10Step_init)
    bsp_Time11Step_init                      0x08001b69   Thumb Code    94  bsp_time.o(i.bsp_Time11Step_init)
    bsp_Time12Step_init                      0x08001bcd   Thumb Code    94  bsp_time.o(i.bsp_Time12Step_init)
    bsp_Time1Step_init                       0x08001c31   Thumb Code   102  bsp_time.o(i.bsp_Time1Step_init)
    bsp_Time2Step_init                       0x08001c99   Thumb Code    94  bsp_time.o(i.bsp_Time2Step_init)
    bsp_Time4Step_init                       0x08001cfd   Thumb Code    94  bsp_time.o(i.bsp_Time4Step_init)
    bsp_Time5Step_init                       0x08001d61   Thumb Code    94  bsp_time.o(i.bsp_Time5Step_init)
    bsp_Time6Step_init                       0x08001dc5   Thumb Code    94  bsp_time.o(i.bsp_Time6Step_init)
    bsp_Time9Step_init                       0x08001e29   Thumb Code    94  bsp_time.o(i.bsp_Time9Step_init)
    bsp_Timer3_PWM_Config                    0x08001e8d   Thumb Code   266  bsp_time.o(i.bsp_Timer3_PWM_Config)
    bsp_Timer8_PWM_Config                    0x08001f9d   Thumb Code   190  bsp_time.o(i.bsp_Timer8_PWM_Config)
    bsp_can0_init                            0x08002061   Thumb Code    12  bsp_can.o(i.bsp_can0_init)
    bsp_led_init                             0x0800206d   Thumb Code    36  bsp_gpio.o(i.bsp_led_init)
    bsp_spi0_Init                            0x08002095   Thumb Code   178  bsp_spi.o(i.bsp_spi0_Init)
    bsp_spi0_writedata_16bits                0x08002155   Thumb Code   200  bsp_spi.o(i.bsp_spi0_writedata_16bits)
    bsp_spi1_Init                            0x08002229   Thumb Code   138  bsp_spi.o(i.bsp_spi1_Init)
    bsp_spi1_writedata_16bits                0x080022bd   Thumb Code    92  bsp_spi.o(i.bsp_spi1_writedata_16bits)
    bsp_uart0_int                            0x08002321   Thumb Code   178  bsp_uart.o(i.bsp_uart0_int)
    can_deinit                               0x08002495   Thumb Code    46  gd32f4xx_can.o(i.can_deinit)
    can_error_get                            0x080024c9   Thumb Code    12  gd32f4xx_can.o(i.can_error_get)
    can_filter_init                          0x080024d5   Thumb Code   262  gd32f4xx_can.o(i.can_filter_init)
    can_init                                 0x0800264d   Thumb Code   290  gd32f4xx_can.o(i.can_init)
    can_interrupt_enable                     0x0800276f   Thumb Code     8  gd32f4xx_can.o(i.can_interrupt_enable)
    can_interrupt_flag_clear                 0x08002777   Thumb Code    16  gd32f4xx_can.o(i.can_interrupt_flag_clear)
    can_interrupt_flag_get                   0x08002789   Thumb Code   108  gd32f4xx_can.o(i.can_interrupt_flag_get)
    can_message_receive                      0x080027fd   Thumb Code   228  gd32f4xx_can.o(i.can_message_receive)
    can_receive_message_length_get           0x080028e1   Thumb Code    26  gd32f4xx_can.o(i.can_receive_message_length_get)
    can_struct_para_init                     0x080028fb   Thumb Code   164  gd32f4xx_can.o(i.can_struct_para_init)
    delay_1ms                                0x080029a1   Thumb Code    16  systick.o(i.delay_1ms)
    delay_decrement                          0x080029b5   Thumb Code    18  systick.o(i.delay_decrement)
    fputc                                    0x080029cd   Thumb Code    32  bsp_uart.o(i.fputc)
    gpio_af_set                              0x080029f1   Thumb Code    94  gd32f4xx_gpio.o(i.gpio_af_set)
    gpio_bit_reset                           0x08002a4f   Thumb Code     4  gd32f4xx_gpio.o(i.gpio_bit_reset)
    gpio_bit_set                             0x08002a53   Thumb Code     4  gd32f4xx_gpio.o(i.gpio_bit_set)
    gpio_bit_toggle                          0x08002a57   Thumb Code     4  gd32f4xx_gpio.o(i.gpio_bit_toggle)
    gpio_bit_write                           0x08002a5b   Thumb Code    10  gd32f4xx_gpio.o(i.gpio_bit_write)
    gpio_mode_set                            0x08002a65   Thumb Code    78  gd32f4xx_gpio.o(i.gpio_mode_set)
    gpio_output_options_set                  0x08002ab3   Thumb Code    66  gd32f4xx_gpio.o(i.gpio_output_options_set)
    main                                     0x08002af5   Thumb Code    32  main.o(i.main)
    nvic_irq_enable                          0x08002b15   Thumb Code   186  gd32f4xx_misc.o(i.nvic_irq_enable)
    nvic_priority_group_set                  0x08002bd9   Thumb Code    10  gd32f4xx_misc.o(i.nvic_priority_group_set)
    rcu_clock_freq_get                       0x08002bed   Thumb Code   264  gd32f4xx_rcu.o(i.rcu_clock_freq_get)
    rcu_periph_clock_enable                  0x08002d11   Thumb Code    32  gd32f4xx_rcu.o(i.rcu_periph_clock_enable)
    rcu_periph_reset_disable                 0x08002d35   Thumb Code    32  gd32f4xx_rcu.o(i.rcu_periph_reset_disable)
    rcu_periph_reset_enable                  0x08002d59   Thumb Code    32  gd32f4xx_rcu.o(i.rcu_periph_reset_enable)
    rcu_timer_clock_prescaler_config         0x08002d7d   Thumb Code    32  gd32f4xx_rcu.o(i.rcu_timer_clock_prescaler_config)
    speed_decision                           0x08002da1   Thumb Code   254  app_motorstep.o(i.speed_decision)
    spi_enable                               0x08002ead   Thumb Code    10  gd32f4xx_spi.o(i.spi_enable)
    spi_i2s_data_receive                     0x08002eb7   Thumb Code     8  gd32f4xx_spi.o(i.spi_i2s_data_receive)
    spi_i2s_data_transmit                    0x08002ebf   Thumb Code     4  gd32f4xx_spi.o(i.spi_i2s_data_transmit)
    spi_i2s_flag_get                         0x08002ec3   Thumb Code    16  gd32f4xx_spi.o(i.spi_i2s_flag_get)
    spi_init                                 0x08002ed3   Thumb Code    50  gd32f4xx_spi.o(i.spi_init)
    systick_config                           0x08003015   Thumb Code    76  systick.o(i.systick_config)
    timer_auto_reload_shadow_enable          0x08003065   Thumb Code    10  gd32f4xx_timer.o(i.timer_auto_reload_shadow_enable)
    timer_autoreload_value_config            0x0800306f   Thumb Code     4  gd32f4xx_timer.o(i.timer_autoreload_value_config)
    timer_channel_output_config              0x08003075   Thumb Code   484  gd32f4xx_timer.o(i.timer_channel_output_config)
    timer_channel_output_mode_config         0x08003261   Thumb Code    90  gd32f4xx_timer.o(i.timer_channel_output_mode_config)
    timer_channel_output_pulse_value_config  0x080032bb   Thumb Code    38  gd32f4xx_timer.o(i.timer_channel_output_pulse_value_config)
    timer_channel_output_shadow_config       0x080032e1   Thumb Code    90  gd32f4xx_timer.o(i.timer_channel_output_shadow_config)
    timer_deinit                             0x0800333d   Thumb Code   374  gd32f4xx_timer.o(i.timer_deinit)
    timer_enable                             0x080034c1   Thumb Code    10  gd32f4xx_timer.o(i.timer_enable)
    timer_init                               0x080034cd   Thumb Code   122  gd32f4xx_timer.o(i.timer_init)
    timer_internal_clock_config              0x08003565   Thumb Code    10  gd32f4xx_timer.o(i.timer_internal_clock_config)
    timer_interrupt_disable                  0x0800356f   Thumb Code     8  gd32f4xx_timer.o(i.timer_interrupt_disable)
    timer_interrupt_flag_clear               0x08003577   Thumb Code     6  gd32f4xx_timer.o(i.timer_interrupt_flag_clear)
    usart_baudrate_set                       0x0800357d   Thumb Code   224  gd32f4xx_usart.o(i.usart_baudrate_set)
    usart_data_first_config                  0x08003665   Thumb Code    20  gd32f4xx_usart.o(i.usart_data_first_config)
    usart_data_transmit                      0x08003679   Thumb Code     8  gd32f4xx_usart.o(i.usart_data_transmit)
    usart_deinit                             0x08003681   Thumb Code   210  gd32f4xx_usart.o(i.usart_deinit)
    usart_enable                             0x0800375d   Thumb Code    10  gd32f4xx_usart.o(i.usart_enable)
    usart_flag_get                           0x08003767   Thumb Code    30  gd32f4xx_usart.o(i.usart_flag_get)
    usart_oversample_config                  0x08003785   Thumb Code    16  gd32f4xx_usart.o(i.usart_oversample_config)
    usart_parity_config                      0x08003795   Thumb Code    16  gd32f4xx_usart.o(i.usart_parity_config)
    usart_receive_config                     0x080037a5   Thumb Code    16  gd32f4xx_usart.o(i.usart_receive_config)
    usart_stop_bit_set                       0x080037b5   Thumb Code    16  gd32f4xx_usart.o(i.usart_stop_bit_set)
    usart_transmit_config                    0x080037c5   Thumb Code    16  gd32f4xx_usart.o(i.usart_transmit_config)
    usart_word_length_set                    0x080037d5   Thumb Code    16  gd32f4xx_usart.o(i.usart_word_length_set)
    Region$$Table$$Base                      0x08003944   Number         0  anon$$obj.o(Region$$Table)
    Region$$Table$$Limit                     0x08003964   Number         0  anon$$obj.o(Region$$Table)
    SystemCoreClock                          0x20000000   Data           4  system_gd32f4xx.o(.data)
    BaudRate                                 0x20000008   Data           4  bsp_uart.o(.data)
    CanDataEnQueueCallback                   0x2000000c   Data           4  bsp_can.o(.data)
    Step1_TIM1InterruptCallback              0x20000010   Data           4  bsp_time.o(.data)
    Step2_TIM2InterruptCallback              0x20000014   Data           4  bsp_time.o(.data)
    Step3_TIM4InterruptCallback              0x20000018   Data           4  bsp_time.o(.data)
    Step4_TIM5InterruptCallback              0x2000001c   Data           4  bsp_time.o(.data)
    Step5_TIM6InterruptCallback              0x20000020   Data           4  bsp_time.o(.data)
    Step6_TIM9InterruptCallback              0x20000024   Data           4  bsp_time.o(.data)
    Step7_TIM10InterruptCallback             0x20000028   Data           4  bsp_time.o(.data)
    Step8_TIM11InterruptCallback             0x2000002c   Data           4  bsp_time.o(.data)
    Step9_TIM12InterruptCallback             0x20000030   Data           4  bsp_time.o(.data)
    LedTimeCount                             0x20000034   Data           4  app_gpiosensor.o(.data)
    STEPCOUNT                                0x20000038   Data           2  app_motorstep.o(.data)
    __stdout                                 0x2000003c   Data           4  stdout.o(.data)
    CanRevQueue                              0x20000040   Data          16  app_candatqueue.o(.bss)
    CanDataBuff                              0x20000050   Data        1000  app_candatqueue.o(.bss)
    Mt1Step                                  0x20000438   Data          52  app_motorstep.o(.bss)
    Mt2Step                                  0x2000046c   Data          52  app_motorstep.o(.bss)
    Mt3Step                                  0x200004a0   Data          52  app_motorstep.o(.bss)
    Mt4Step                                  0x200004d4   Data          52  app_motorstep.o(.bss)
    Mt5Step                                  0x20000508   Data          52  app_motorstep.o(.bss)
    Mt6Step                                  0x2000053c   Data          52  app_motorstep.o(.bss)
    Mt7Step                                  0x20000570   Data          52  app_motorstep.o(.bss)
    Mt8Step                                  0x200005a4   Data          52  app_motorstep.o(.bss)
    Mt9Step                                  0x200005d8   Data          52  app_motorstep.o(.bss)
    __initial_sp                             0x20000a18   Data           0  startup_gd32f407_427.o(STACK)



==============================================================================

Memory Map of the image

  Image Entry point : 0x08000189

  Load Region LR_IROM1 (Base: 0x08000000, Size: 0x000039a4, Max: 0x00080000, ABSOLUTE)

    Execution Region ER_IROM1 (Exec base: 0x08000000, Load base: 0x08000000, Size: 0x00003964, Max: 0x00080000, ABSOLUTE)

    Exec Addr    Load Addr    Size         Type   Attr      Idx    E Section Name        Object

    0x08000000   0x08000000   0x00000188   Data   RO            3    RESET               startup_gd32f407_427.o
    0x08000188   0x08000188   0x00000000   Code   RO         3557  * .ARM.Collect$$$$00000000  mc_w.l(entry.o)
    0x08000188   0x08000188   0x00000004   Code   RO         3831    .ARM.Collect$$$$00000001  mc_w.l(entry2.o)
    0x0800018c   0x0800018c   0x00000004   Code   RO         3834    .ARM.Collect$$$$00000004  mc_w.l(entry5.o)
    0x08000190   0x08000190   0x00000000   Code   RO         3836    .ARM.Collect$$$$00000008  mc_w.l(entry7b.o)
    0x08000190   0x08000190   0x00000000   Code   RO         3838    .ARM.Collect$$$$0000000A  mc_w.l(entry8b.o)
    0x08000190   0x08000190   0x00000008   Code   RO         3839    .ARM.Collect$$$$0000000B  mc_w.l(entry9a.o)
    0x08000198   0x08000198   0x00000004   Code   RO         3846    .ARM.Collect$$$$0000000E  mc_w.l(entry12b.o)
    0x0800019c   0x0800019c   0x00000000   Code   RO         3841    .ARM.Collect$$$$0000000F  mc_w.l(entry10a.o)
    0x0800019c   0x0800019c   0x00000000   Code   RO         3843    .ARM.Collect$$$$00000011  mc_w.l(entry11a.o)
    0x0800019c   0x0800019c   0x00000004   Code   RO         3832    .ARM.Collect$$$$00002712  mc_w.l(entry2.o)
    0x080001a0   0x080001a0   0x00000024   Code   RO            4    .text               startup_gd32f407_427.o
    0x080001c4   0x080001c4   0x00000024   Code   RO         3560    .text               mc_w.l(memcpya.o)
    0x080001e8   0x080001e8   0x000000de   Code   RO         3825    .text               mf_w.l(ddiv.o)
    0x080002c6   0x080002c6   0x00000022   Code   RO         3827    .text               mf_w.l(dflti.o)
    0x080002e8   0x080002e8   0x00000032   Code   RO         3829    .text               mf_w.l(dfixui.o)
    0x0800031a   0x0800031a   0x0000002c   Code   RO         3848    .text               mc_w.l(uidiv.o)
    0x08000346   0x08000346   0x00000020   Code   RO         3852    .text               mc_w.l(llushr.o)
    0x08000366   0x08000366   0x00000000   Code   RO         3854    .text               mc_w.l(iusefp.o)
    0x08000366   0x08000366   0x000000ba   Code   RO         3855    .text               mf_w.l(depilogue.o)
    0x08000420   0x08000420   0x00000024   Code   RO         3865    .text               mc_w.l(init.o)
    0x08000444   0x08000444   0x0000001e   Code   RO         3867    .text               mc_w.l(llshl.o)
    0x08000462   0x08000462   0x00000004   Code   RO          159    i.BusFault_Handler  gd32f4xx_it.o
    0x08000466   0x08000466   0x00000002   PAD
    0x08000468   0x08000468   0x00000038   Code   RO          364    i.CAN0_RX0_IRQHandler  bsp_can.o
    0x080004a0   0x080004a0   0x00000002   Code   RO          160    i.DebugMon_Handler  gd32f4xx_it.o
    0x080004a2   0x080004a2   0x00000002   PAD
    0x080004a4   0x080004a4   0x00000074   Code   RO         3245    i.GetMorotParameterPointer  app_motorstep.o
    0x08000518   0x08000518   0x00000004   Code   RO          161    i.HardFault_Handler  gd32f4xx_it.o
    0x0800051c   0x0800051c   0x00000094   Code   RO         3246    i.HzCountConversion  app_motorstep.o
    0x080005b0   0x080005b0   0x00000004   Code   RO          162    i.MemManage_Handler  gd32f4xx_it.o
    0x080005b4   0x080005b4   0x00000080   Code   RO         3248    i.Motor_Stop_Set    app_motorstep.o
    0x08000634   0x08000634   0x0000002c   Code   RO          465    i.MtStep1gpio_init  bsp_time.o
    0x08000660   0x08000660   0x0000002c   Code   RO          466    i.MtStep2gpio_init  bsp_time.o
    0x0800068c   0x0800068c   0x00000028   Code   RO          467    i.MtStep3gpio_init  bsp_time.o
    0x080006b4   0x080006b4   0x00000028   Code   RO          468    i.MtStep4gpio_init  bsp_time.o
    0x080006dc   0x080006dc   0x00000028   Code   RO          469    i.MtStep5gpio_init  bsp_time.o
    0x08000704   0x08000704   0x00000028   Code   RO          470    i.MtStep6gpio_init  bsp_time.o
    0x0800072c   0x0800072c   0x0000002c   Code   RO          471    i.MtStep7gpio_init  bsp_time.o
    0x08000758   0x08000758   0x0000002c   Code   RO          472    i.MtStep8gpio_init  bsp_time.o
    0x08000784   0x08000784   0x00000028   Code   RO          473    i.MtStep9gpio_init  bsp_time.o
    0x080007ac   0x080007ac   0x00000002   Code   RO          163    i.NMI_Handler       gd32f4xx_it.o
    0x080007ae   0x080007ae   0x00000002   PAD
    0x080007b0   0x080007b0   0x00000028   Code   RO          228    i.NVIC_SetPriority  systick.o
    0x080007d8   0x080007d8   0x00000002   Code   RO          164    i.PendSV_Handler    gd32f4xx_it.o
    0x080007da   0x080007da   0x0000001e   Code   RO         2956    i.QueueFull         app_candatqueue.o
    0x080007f8   0x080007f8   0x00000002   Code   RO          165    i.SVC_Handler       gd32f4xx_it.o
    0x080007fa   0x080007fa   0x00000002   PAD
    0x080007fc   0x080007fc   0x00000018   Code   RO          166    i.SysTick_Handler   gd32f4xx_it.o
    0x08000814   0x08000814   0x000000d4   Code   RO           13    i.SystemInit        system_gd32f4xx.o
    0x080008e8   0x080008e8   0x0000002c   Code   RO         3249    i.TIM10_Interrupt_Mt7  app_motorstep.o
    0x08000914   0x08000914   0x0000002c   Code   RO         3250    i.TIM11_Interrupt_Mt8  app_motorstep.o
    0x08000940   0x08000940   0x0000002c   Code   RO         3251    i.TIM12_Interrupt_Mt9  app_motorstep.o
    0x0800096c   0x0800096c   0x0000002c   Code   RO         3252    i.TIM1_Interrupt_Mt1  app_motorstep.o
    0x08000998   0x08000998   0x0000002c   Code   RO         3253    i.TIM2_Interrupt_Mt2  app_motorstep.o
    0x080009c4   0x080009c4   0x0000002c   Code   RO         3254    i.TIM4_Interrupt_Mt3  app_motorstep.o
    0x080009f0   0x080009f0   0x0000002c   Code   RO         3255    i.TIM5_Interrupt_Mt4  app_motorstep.o
    0x08000a1c   0x08000a1c   0x0000002c   Code   RO         3256    i.TIM6_Interrupt_Mt5  app_motorstep.o
    0x08000a48   0x08000a48   0x0000002c   Code   RO         3257    i.TIM9_Interrupt_Mt6  app_motorstep.o
    0x08000a74   0x08000a74   0x0000001c   Code   RO          474    i.TIMER0_TRG_CMT_TIMER10_IRQHandler  bsp_time.o
    0x08000a90   0x08000a90   0x0000001c   Code   RO          475    i.TIMER0_UP_TIMER9_IRQHandler  bsp_time.o
    0x08000aac   0x08000aac   0x00000018   Code   RO          476    i.TIMER1_IRQHandler  bsp_time.o
    0x08000ac4   0x08000ac4   0x0000001c   Code   RO          477    i.TIMER2_IRQHandler  bsp_time.o
    0x08000ae0   0x08000ae0   0x0000001c   Code   RO          478    i.TIMER4_IRQHandler  bsp_time.o
    0x08000afc   0x08000afc   0x0000001c   Code   RO          479    i.TIMER5_DAC_IRQHandler  bsp_time.o
    0x08000b18   0x08000b18   0x0000001c   Code   RO          480    i.TIMER6_IRQHandler  bsp_time.o
    0x08000b34   0x08000b34   0x0000001c   Code   RO          481    i.TIMER7_BRK_TIMER11_IRQHandler  bsp_time.o
    0x08000b50   0x08000b50   0x0000001c   Code   RO          482    i.TIMER7_UP_TIMER12_IRQHandler  bsp_time.o
    0x08000b6c   0x08000b6c   0x000000a4   Code   RO          483    i.Timer3_gpio_config  bsp_time.o
    0x08000c10   0x08000c10   0x00000054   Code   RO          484    i.Timer8_gpio_config  bsp_time.o
    0x08000c64   0x08000c64   0x00000004   Code   RO          167    i.UsageFault_Handler  gd32f4xx_it.o
    0x08000c68   0x08000c68   0x00000020   Code   RO         3609    i.__0printf$1       mc_w.l(printf1.o)
    0x08000c88   0x08000c88   0x0000000e   Code   RO         3873    i.__scatterload_copy  mc_w.l(handlers.o)
    0x08000c96   0x08000c96   0x00000002   Code   RO         3874    i.__scatterload_null  mc_w.l(handlers.o)
    0x08000c98   0x08000c98   0x0000000e   Code   RO         3875    i.__scatterload_zeroinit  mc_w.l(handlers.o)
    0x08000ca6   0x08000ca6   0x00000002   PAD
    0x08000ca8   0x08000ca8   0x00000154   Code   RO         3616    i._printf_core      mc_w.l(printf1.o)
    0x08000dfc   0x08000dfc   0x00000044   Code   RO         2958    i.appCanDataEnQueue  app_candatqueue.o
    0x08000e40   0x08000e40   0x00000018   Code   RO         3009    i.appCanDataInQueue  app_canmessage.o
    0x08000e58   0x08000e58   0x00000028   Code   RO         3011    i.appCanMessageInit  app_canmessage.o
    0x08000e80   0x08000e80   0x0000000c   Code   RO         2960    i.appCanQueueInit   app_candatqueue.o
    0x08000e8c   0x08000e8c   0x0000004e   Code   RO         3150    i.appDrv8424Init    app_motorconfig.o
    0x08000eda   0x08000eda   0x0000006c   Code   RO         3151    i.appDrv8462Init    app_motorconfig.o
    0x08000f46   0x08000f46   0x00000014   Code   RO         3377    i.appDrv8462WriteRegisterVal  app_drv8462.o
    0x08000f5a   0x08000f5a   0x0000001c   Code   RO         3089    i.appGpioSetsInit   app_gpiosensor.o
    0x08000f76   0x08000f76   0x00000002   PAD
    0x08000f78   0x08000f78   0x00000024   Code   RO         3380    i.appLiftingMotorDirSet  app_drv8462.o
    0x08000f9c   0x08000f9c   0x0000002c   Code   RO         3381    i.appLiftingMotorEnbleSet  app_drv8462.o
    0x08000fc8   0x08000fc8   0x000000b8   Code   RO         3259    i.appMotorStepInit  app_motorstep.o
    0x08001080   0x08001080   0x00000062   Code   RO         3152    i.appMps6602Init    app_motorconfig.o
    0x080010e2   0x080010e2   0x00000022   Code   RO         3429    i.appMps6602WriteRegisterVal  app_mps6602.o
    0x08001104   0x08001104   0x00000074   Code   RO         3156    i.appNineMotorLockCurrentSet  app_motorconfig.o
    0x08001178   0x08001178   0x00000040   Code   RO         3430    i.appPullMotorDirSet  app_mps6602.o
    0x080011b8   0x080011b8   0x00000040   Code   RO         3431    i.appPullMotorEnbleSet  app_mps6602.o
    0x080011f8   0x080011f8   0x000000f8   Code   RO         3483    i.appScissorsClipMotorCurrentSet  app.drv8424.o
    0x080012f0   0x080012f0   0x00000074   Code   RO         3484    i.appScissorsClipMotorDirSet  app.drv8424.o
    0x08001364   0x08001364   0x00000074   Code   RO         3485    i.appScissorsClipMotorEnbleSet  app.drv8424.o
    0x080013d8   0x080013d8   0x000000a8   Code   RO         3486    i.appScissorsClipMotorMicrostepSet  app.drv8424.o
    0x08001480   0x08001480   0x00000098   Code   RO         3159    i.app_NineStepperMotorsDefaultParameter  app_motorconfig.o
    0x08001518   0x08001518   0x00000024   Code   RO         3091    i.app_System_Led    app_gpiosensor.o
    0x0800153c   0x0800153c   0x0000002c   Code   RO          275    i.bsp_Dipswitch_init  bsp_gpio.o
    0x08001568   0x08001568   0x000000d4   Code   RO          276    i.bsp_Out24V_init   bsp_gpio.o
    0x0800163c   0x0800163c   0x00000188   Code   RO          277    i.bsp_Sensor_iniit  bsp_gpio.o
    0x080017c4   0x080017c4   0x000002d0   Code   RO          278    i.bsp_StepperMotorEN_DiR_FUAL_NRST_init  bsp_gpio.o
    0x08001a94   0x08001a94   0x00000070   Code   RO          279    i.bsp_StepperMotorMicrostep_init  bsp_gpio.o
    0x08001b04   0x08001b04   0x00000064   Code   RO          485    i.bsp_Time10Step_init  bsp_time.o
    0x08001b68   0x08001b68   0x00000064   Code   RO          486    i.bsp_Time11Step_init  bsp_time.o
    0x08001bcc   0x08001bcc   0x00000064   Code   RO          487    i.bsp_Time12Step_init  bsp_time.o
    0x08001c30   0x08001c30   0x00000066   Code   RO          488    i.bsp_Time1Step_init  bsp_time.o
    0x08001c96   0x08001c96   0x00000002   PAD
    0x08001c98   0x08001c98   0x00000064   Code   RO          489    i.bsp_Time2Step_init  bsp_time.o
    0x08001cfc   0x08001cfc   0x00000064   Code   RO          490    i.bsp_Time4Step_init  bsp_time.o
    0x08001d60   0x08001d60   0x00000064   Code   RO          491    i.bsp_Time5Step_init  bsp_time.o
    0x08001dc4   0x08001dc4   0x00000064   Code   RO          492    i.bsp_Time6Step_init  bsp_time.o
    0x08001e28   0x08001e28   0x00000064   Code   RO          493    i.bsp_Time9Step_init  bsp_time.o
    0x08001e8c   0x08001e8c   0x00000110   Code   RO          494    i.bsp_Timer3_PWM_Config  bsp_time.o
    0x08001f9c   0x08001f9c   0x000000c4   Code   RO          495    i.bsp_Timer8_PWM_Config  bsp_time.o
    0x08002060   0x08002060   0x0000000c   Code   RO          366    i.bsp_can0_init     bsp_can.o
    0x0800206c   0x0800206c   0x00000028   Code   RO          280    i.bsp_led_init      bsp_gpio.o
    0x08002094   0x08002094   0x000000c0   Code   RO          671    i.bsp_spi0_Init     bsp_spi.o
    0x08002154   0x08002154   0x000000d4   Code   RO          673    i.bsp_spi0_writedata_16bits  bsp_spi.o
    0x08002228   0x08002228   0x00000094   Code   RO          674    i.bsp_spi1_Init     bsp_spi.o
    0x080022bc   0x080022bc   0x00000064   Code   RO          676    i.bsp_spi1_writedata_16bits  bsp_spi.o
    0x08002320   0x08002320   0x000000c0   Code   RO          328    i.bsp_uart0_int     bsp_uart.o
    0x080023e0   0x080023e0   0x000000b4   Code   RO          367    i.can_config        bsp_can.o
    0x08002494   0x08002494   0x00000034   Code   RO         1468    i.can_deinit        gd32f4xx_can.o
    0x080024c8   0x080024c8   0x0000000c   Code   RO         1469    i.can_error_get     gd32f4xx_can.o
    0x080024d4   0x080024d4   0x00000110   Code   RO         1471    i.can_filter_init   gd32f4xx_can.o
    0x080025e4   0x080025e4   0x00000068   Code   RO          368    i.can_gpio_config   bsp_can.o
    0x0800264c   0x0800264c   0x00000122   Code   RO         1474    i.can_init          gd32f4xx_can.o
    0x0800276e   0x0800276e   0x00000008   Code   RO         1476    i.can_interrupt_enable  gd32f4xx_can.o
    0x08002776   0x08002776   0x00000010   Code   RO         1477    i.can_interrupt_flag_clear  gd32f4xx_can.o
    0x08002786   0x08002786   0x00000002   PAD
    0x08002788   0x08002788   0x00000074   Code   RO         1478    i.can_interrupt_flag_get  gd32f4xx_can.o
    0x080027fc   0x080027fc   0x000000e4   Code   RO         1479    i.can_message_receive  gd32f4xx_can.o
    0x080028e0   0x080028e0   0x0000001a   Code   RO         1482    i.can_receive_message_length_get  gd32f4xx_can.o
    0x080028fa   0x080028fa   0x000000a4   Code   RO         1483    i.can_struct_para_init  gd32f4xx_can.o
    0x0800299e   0x0800299e   0x00000002   PAD
    0x080029a0   0x080029a0   0x00000014   Code   RO          229    i.delay_1ms         systick.o
    0x080029b4   0x080029b4   0x00000018   Code   RO          230    i.delay_decrement   systick.o
    0x080029cc   0x080029cc   0x00000024   Code   RO          329    i.fputc             bsp_uart.o
    0x080029f0   0x080029f0   0x0000005e   Code   RO          721    i.gpio_af_set       gd32f4xx_gpio.o
    0x08002a4e   0x08002a4e   0x00000004   Code   RO          722    i.gpio_bit_reset    gd32f4xx_gpio.o
    0x08002a52   0x08002a52   0x00000004   Code   RO          723    i.gpio_bit_set      gd32f4xx_gpio.o
    0x08002a56   0x08002a56   0x00000004   Code   RO          724    i.gpio_bit_toggle   gd32f4xx_gpio.o
    0x08002a5a   0x08002a5a   0x0000000a   Code   RO          725    i.gpio_bit_write    gd32f4xx_gpio.o
    0x08002a64   0x08002a64   0x0000004e   Code   RO          729    i.gpio_mode_set     gd32f4xx_gpio.o
    0x08002ab2   0x08002ab2   0x00000042   Code   RO          731    i.gpio_output_options_set  gd32f4xx_gpio.o
    0x08002af4   0x08002af4   0x00000020   Code   RO         3527    i.main              main.o
    0x08002b14   0x08002b14   0x000000c4   Code   RO         2242    i.nvic_irq_enable   gd32f4xx_misc.o
    0x08002bd8   0x08002bd8   0x00000014   Code   RO         2243    i.nvic_priority_group_set  gd32f4xx_misc.o
    0x08002bec   0x08002bec   0x00000124   Code   RO          834    i.rcu_clock_freq_get  gd32f4xx_rcu.o
    0x08002d10   0x08002d10   0x00000024   Code   RO          853    i.rcu_periph_clock_enable  gd32f4xx_rcu.o
    0x08002d34   0x08002d34   0x00000024   Code   RO          856    i.rcu_periph_reset_disable  gd32f4xx_rcu.o
    0x08002d58   0x08002d58   0x00000024   Code   RO          857    i.rcu_periph_reset_enable  gd32f4xx_rcu.o
    0x08002d7c   0x08002d7c   0x00000024   Code   RO          869    i.rcu_timer_clock_prescaler_config  gd32f4xx_rcu.o
    0x08002da0   0x08002da0   0x0000010c   Code   RO         3262    i.speed_decision    app_motorstep.o
    0x08002eac   0x08002eac   0x0000000a   Code   RO         1941    i.spi_enable        gd32f4xx_spi.o
    0x08002eb6   0x08002eb6   0x00000008   Code   RO         1943    i.spi_i2s_data_receive  gd32f4xx_spi.o
    0x08002ebe   0x08002ebe   0x00000004   Code   RO         1944    i.spi_i2s_data_transmit  gd32f4xx_spi.o
    0x08002ec2   0x08002ec2   0x00000010   Code   RO         1946    i.spi_i2s_flag_get  gd32f4xx_spi.o
    0x08002ed2   0x08002ed2   0x00000032   Code   RO         1951    i.spi_init          gd32f4xx_spi.o
    0x08002f04   0x08002f04   0x00000108   Code   RO           14    i.system_clock_168m_8m_hxtal  system_gd32f4xx.o
    0x0800300c   0x0800300c   0x00000008   Code   RO           15    i.system_clock_config  system_gd32f4xx.o
    0x08003014   0x08003014   0x00000050   Code   RO          231    i.systick_config    systick.o
    0x08003064   0x08003064   0x0000000a   Code   RO         2510    i.timer_auto_reload_shadow_enable  gd32f4xx_timer.o
    0x0800306e   0x0800306e   0x00000004   Code   RO         2513    i.timer_autoreload_value_config  gd32f4xx_timer.o
    0x08003072   0x08003072   0x00000002   PAD
    0x08003074   0x08003074   0x000001ec   Code   RO         2527    i.timer_channel_output_config  gd32f4xx_timer.o
    0x08003260   0x08003260   0x0000005a   Code   RO         2529    i.timer_channel_output_mode_config  gd32f4xx_timer.o
    0x080032ba   0x080032ba   0x00000026   Code   RO         2531    i.timer_channel_output_pulse_value_config  gd32f4xx_timer.o
    0x080032e0   0x080032e0   0x0000005a   Code   RO         2532    i.timer_channel_output_shadow_config  gd32f4xx_timer.o
    0x0800333a   0x0800333a   0x00000002   PAD
    0x0800333c   0x0800333c   0x00000184   Code   RO         2541    i.timer_deinit      gd32f4xx_timer.o
    0x080034c0   0x080034c0   0x0000000a   Code   RO         2546    i.timer_enable      gd32f4xx_timer.o
    0x080034ca   0x080034ca   0x00000002   PAD
    0x080034cc   0x080034cc   0x00000098   Code   RO         2556    i.timer_init        gd32f4xx_timer.o
    0x08003564   0x08003564   0x0000000a   Code   RO         2560    i.timer_internal_clock_config  gd32f4xx_timer.o
    0x0800356e   0x0800356e   0x00000008   Code   RO         2562    i.timer_interrupt_disable  gd32f4xx_timer.o
    0x08003576   0x08003576   0x00000006   Code   RO         2564    i.timer_interrupt_flag_clear  gd32f4xx_timer.o
    0x0800357c   0x0800357c   0x000000e8   Code   RO         1122    i.usart_baudrate_set  gd32f4xx_usart.o
    0x08003664   0x08003664   0x00000014   Code   RO         1125    i.usart_data_first_config  gd32f4xx_usart.o
    0x08003678   0x08003678   0x00000008   Code   RO         1127    i.usart_data_transmit  gd32f4xx_usart.o
    0x08003680   0x08003680   0x000000dc   Code   RO         1128    i.usart_deinit      gd32f4xx_usart.o
    0x0800375c   0x0800375c   0x0000000a   Code   RO         1132    i.usart_enable      gd32f4xx_usart.o
    0x08003766   0x08003766   0x0000001e   Code   RO         1134    i.usart_flag_get    gd32f4xx_usart.o
    0x08003784   0x08003784   0x00000010   Code   RO         1155    i.usart_oversample_config  gd32f4xx_usart.o
    0x08003794   0x08003794   0x00000010   Code   RO         1157    i.usart_parity_config  gd32f4xx_usart.o
    0x080037a4   0x080037a4   0x00000010   Code   RO         1159    i.usart_receive_config  gd32f4xx_usart.o
    0x080037b4   0x080037b4   0x00000010   Code   RO         1170    i.usart_stop_bit_set  gd32f4xx_usart.o
    0x080037c4   0x080037c4   0x00000010   Code   RO         1174    i.usart_transmit_config  gd32f4xx_usart.o
    0x080037d4   0x080037d4   0x00000010   Code   RO         1175    i.usart_word_length_set  gd32f4xx_usart.o
    0x080037e4   0x080037e4   0x00000026   Data   RO         3160    .constdata          app_motorconfig.o
    0x0800380a   0x0800380a   0x00000002   PAD
    0x0800380c   0x0800380c   0x000000a0   Data   RO         3264    .constdata          app_motorstep.o
    0x080038ac   0x080038ac   0x00000098   Data   RO         3487    .constdata          app.drv8424.o
    0x08003944   0x08003944   0x00000020   Data   RO         3871    Region$$Table       anon$$obj.o


    Execution Region RW_IRAM1 (Exec base: 0x20000000, Load base: 0x08003964, Size: 0x00000a18, Max: 0x00020000, ABSOLUTE)

    Exec Addr    Load Addr    Size         Type   Attr      Idx    E Section Name        Object

    0x20000000   0x08003964   0x00000004   Data   RW           16    .data               system_gd32f4xx.o
    0x20000004   0x08003968   0x00000004   Data   RW          232    .data               systick.o
    0x20000008   0x0800396c   0x00000004   Data   RW          330    .data               bsp_uart.o
    0x2000000c   0x08003970   0x00000004   Data   RW          369    .data               bsp_can.o
    0x20000010   0x08003974   0x00000024   Data   RW          496    .data               bsp_time.o
    0x20000034   0x08003998   0x00000004   Data   RW         3093    .data               app_gpiosensor.o
    0x20000038   0x0800399c   0x00000002   Data   RW         3265    .data               app_motorstep.o
    0x2000003a   0x0800399e   0x00000002   PAD
    0x2000003c   0x080039a0   0x00000004   Data   RW         3847    .data               mc_w.l(stdout.o)
    0x20000040        -       0x000003f8   Zero   RW         2961    .bss                app_candatqueue.o
    0x20000438        -       0x000001dd   Zero   RW         3263    .bss                app_motorstep.o
    0x20000615   0x080039a4   0x00000003   PAD
    0x20000618        -       0x00000400   Zero   RW            1    STACK               startup_gd32f407_427.o


==============================================================================

Image component sizes


      Code (inc. data)   RO Data    RW Data    ZI Data      Debug   Object Name

       648         44        152          0          0       3688   app.drv8424.o
       110          0          0          0       1016       2792   app_candatqueue.o
        64         20          0          0          0       1004   app_canmessage.o
       100          8          0          0          0       1899   app_drv8462.o
        64          8          0          4          0       1254   app_gpiosensor.o
       552          6         38          0          0       5008   app_motorconfig.o
      1240        258        160          2        477      11094   app_motorstep.o
       162         18          0          0          0       2097   app_mps6602.o
       352         16          0          4          0       2643   bsp_can.o
      1520         72          0          0          0       3358   bsp_gpio.o
       652         44          0          0          0       2616   bsp_spi.o
      2242        190          0         36          0      17423   bsp_time.o
       228         18          0          4          0       2539   bsp_uart.o
      1184         24          0          0          0       7587   gd32f4xx_can.o
       260          0          0          0          0       4863   gd32f4xx_gpio.o
        48          6          0          0          0       4526   gd32f4xx_it.o
       216         20          0          0          0       1464   gd32f4xx_misc.o
       436         44          0          0          0       4115   gd32f4xx_rcu.o
        88          0          0          0          0       3642   gd32f4xx_spi.o
      1298         52          0          0          0       8582   gd32f4xx_timer.o
       616         18          0          0          0       7908   gd32f4xx_usart.o
        32          0          0          0          0        475   main.o
        36          8        392          0       1024        904   startup_gd32f407_427.o
       484         32          0          4          0      91063   system_gd32f4xx.o
       164         22          0          4          0      29118   systick.o

    ----------------------------------------------------------------------
     12818        928        776         60       2520     221662   Object Totals
         0          0         32          0          0          0   (incl. Generated)
        22          0          2          2          3          0   (incl. Padding)

    ----------------------------------------------------------------------

      Code (inc. data)   RO Data    RW Data    ZI Data      Debug   Library Member Name

         0          0          0          0          0          0   entry.o
         0          0          0          0          0          0   entry10a.o
         0          0          0          0          0          0   entry11a.o
         4          0          0          0          0          0   entry12b.o
         8          4          0          0          0          0   entry2.o
         4          0          0          0          0          0   entry5.o
         0          0          0          0          0          0   entry7b.o
         0          0          0          0          0          0   entry8b.o
         8          4          0          0          0          0   entry9a.o
        30          0          0          0          0          0   handlers.o
        36          8          0          0          0         68   init.o
         0          0          0          0          0          0   iusefp.o
        30          0          0          0          0         68   llshl.o
        32          0          0          0          0         68   llushr.o
        36          0          0          0          0         68   memcpya.o
       372         14          0          0          0        184   printf1.o
         0          0          0          4          0          0   stdout.o
        44          0          0          0          0         80   uidiv.o
       222          0          0          0          0        100   ddiv.o
       186          0          0          0          0        176   depilogue.o
        50          0          0          0          0         76   dfixui.o
        34          0          0          0          0         76   dflti.o

    ----------------------------------------------------------------------
      1098         30          0          4          0        964   Library Totals
         2          0          0          0          0          0   (incl. Padding)

    ----------------------------------------------------------------------

      Code (inc. data)   RO Data    RW Data    ZI Data      Debug   Library Name

       604         30          0          4          0        536   mc_w.l
       492          0          0          0          0        428   mf_w.l

    ----------------------------------------------------------------------
      1098         30          0          4          0        964   Library Totals

    ----------------------------------------------------------------------

==============================================================================


      Code (inc. data)   RO Data    RW Data    ZI Data      Debug   

     13916        958        776         64       2520     207562   Grand Totals
     13916        958        776         64       2520     207562   ELF Image Totals
     13916        958        776         64          0          0   ROM Totals

==============================================================================

    Total RO  Size (Code + RO Data)                14692 (  14.35kB)
    Total RW  Size (RW Data + ZI Data)              2584 (   2.52kB)
    Total ROM Size (Code + RO Data + RW Data)      14756 (  14.41kB)

==============================================================================

