<html>
<body>
<pre>
<h1>µVision Build Log</h1>
<h2>Tool Versions:</h2>
IDE-Version: ¦ÌVision V5.36.0.0
Copyright (C) 2021 ARM Ltd and ARM Germany GmbH. All rights reserved.
License Information: w hqwdc, w, LIC=585FJ-UQ819-74TS0-B1X5Q-UTX5Q-XS300
 
Tool Versions:
Toolchain:       MDK-ARM Plus  Version: 5.36.0.0
Toolchain Path:  D:\MDK5\ARM\ARMCC\Bin
C Compiler:      Armcc.exe V5.06 update 7 (build 960)
Assembler:       Armasm.exe V5.06 update 7 (build 960)
Linker/Locator:  ArmLink.exe V5.06 update 7 (build 960)
Library Manager: ArmAr.exe V5.06 update 7 (build 960)
Hex Converter:   FromElf.exe V5.06 update 7 (build 960)
CPU DLL:         SARMCM3.DLL V5.36.0.0
Dialog DLL:      DCM.DLL V1.17.3.0
Target DLL:      Segger\JL2CM3.dll V2.99.40.0
Dialog DLL:      TCM.DLL V1.53.0.0
 
<h2>Project:</h2>
E:\HQ\SVNdtata\wangdongchuan\E063_V0.0\PRJ\E063.uvprojx
Project File Date:  06/24/2024

<h2>Output:</h2>
*** Using Compiler 'V5.06 update 7 (build 960)', folder: 'D:\MDK5\ARM\ARMCC\Bin'
Build target 'Target 1'
compiling main.c...
..\Use\main.c(70): warning:  #111-D: statement is unreachable
      return 0;
..\Use\main.c: 1 warning, 0 errors
linking...
Program Size: Code=13916 RO-data=776 RW-data=64 ZI-data=2520  
FromELF: creating hex file...
".\Objects\E063.axf" - 0 Error(s), 1 Warning(s).

<h2>Software Packages used:</h2>

Package Vendor: GigaDevice
                https://gd32mcu.com/data/documents/pack/GigaDevice.GD32F4xx_DFP.3.0.4.pack
                GigaDevice.GD32F4xx_DFP.3.0.4
                GigaDevice GD32F4xx Series Device Support and Examples

<h2>Collection of Component include folders:</h2>
  D:\keilpacks\GigaDevice\GD32F4xx_DFP\3.0.4\Device\F4XX\Include

<h2>Collection of Component Files used:</h2>
Build Time Elapsed:  00:00:01
</pre>
</body>
</html>
